Component: Arm Compiler for Embedded 6.19 Tool: armlink [5e73cb00]

==============================================================================

Section Cross References

    startup_stm32f103xb.o(STACK) refers (Special) to heapauxi.o(.text) for __use_two_region_memory
    startup_stm32f103xb.o(HEAP) refers (Special) to heapauxi.o(.text) for __use_two_region_memory
    startup_stm32f103xb.o(RESET) refers (Special) to heapauxi.o(.text) for __use_two_region_memory
    startup_stm32f103xb.o(RESET) refers to startup_stm32f103xb.o(STACK) for __initial_sp
    startup_stm32f103xb.o(RESET) refers to startup_stm32f103xb.o(.text) for Reset_Handler
    startup_stm32f103xb.o(RESET) refers to stm32f1xx_it.o(.text.NMI_Handler) for NMI_Handler
    startup_stm32f103xb.o(RESET) refers to stm32f1xx_it.o(.text.HardFault_Handler) for HardFault_Handler
    startup_stm32f103xb.o(RESET) refers to stm32f1xx_it.o(.text.MemManage_Handler) for MemManage_Handler
    startup_stm32f103xb.o(RESET) refers to stm32f1xx_it.o(.text.BusFault_Handler) for BusFault_Handler
    startup_stm32f103xb.o(RESET) refers to stm32f1xx_it.o(.text.UsageFault_Handler) for UsageFault_Handler
    startup_stm32f103xb.o(RESET) refers to stm32f1xx_it.o(.text.SVC_Handler) for SVC_Handler
    startup_stm32f103xb.o(RESET) refers to stm32f1xx_it.o(.text.DebugMon_Handler) for DebugMon_Handler
    startup_stm32f103xb.o(RESET) refers to stm32f1xx_it.o(.text.PendSV_Handler) for PendSV_Handler
    startup_stm32f103xb.o(RESET) refers to stm32f1xx_it.o(.text.SysTick_Handler) for SysTick_Handler
    startup_stm32f103xb.o(RESET) refers to stm32f1xx_it.o(.text.USART1_IRQHandler) for USART1_IRQHandler
    startup_stm32f103xb.o(RESET) refers to stm32f1xx_it.o(.text.USART2_IRQHandler) for USART2_IRQHandler
    startup_stm32f103xb.o(.text) refers (Special) to heapauxi.o(.text) for __use_two_region_memory
    startup_stm32f103xb.o(.text) refers to system_stm32f1xx.o(.text.SystemInit) for SystemInit
    startup_stm32f103xb.o(.text) refers to __main.o(!!!main) for __main
    startup_stm32f103xb.o(.text) refers to startup_stm32f103xb.o(HEAP) for Heap_Mem
    startup_stm32f103xb.o(.text) refers to startup_stm32f103xb.o(STACK) for Stack_Mem
    main.o(.ARM.exidx.text.ModbusCalcCRC) refers to main.o(.text.ModbusCalcCRC) for [Anonymous Symbol]
    main.o(.text.ResetBuffers) refers to main.o(.bss..L_MergedGlobals) for .L_MergedGlobals
    main.o(.text.ResetBuffers) refers to main.o(.bss.Rx1Buffer) for Rx1Buffer
    main.o(.text.ResetBuffers) refers to rt_memclr_w.o(.text) for __aeabi_memclr4
    main.o(.text.ResetBuffers) refers to main.o(.bss.Rx2Buffer) for Rx2Buffer
    main.o(.ARM.exidx.text.ResetBuffers) refers to main.o(.text.ResetBuffers) for [Anonymous Symbol]
    main.o(.text.CheckTimeOut) refers to stm32f1xx_hal.o(.text.HAL_GetTick) for HAL_GetTick
    main.o(.text.CheckTimeOut) refers to main.o(.bss..L_MergedGlobals) for .L_MergedGlobals
    main.o(.text.CheckTimeOut) refers to main.o(.bss.Rx1Buffer) for Rx1Buffer
    main.o(.text.CheckTimeOut) refers to rt_memclr_w.o(.text) for __aeabi_memclr4
    main.o(.text.CheckTimeOut) refers to main.o(.bss.Rx2Buffer) for Rx2Buffer
    main.o(.text.CheckTimeOut) refers to stm32f1xx_hal_uart.o(.text.HAL_UARTEx_ReceiveToIdle_IT) for HAL_UARTEx_ReceiveToIdle_IT
    main.o(.text.CheckTimeOut) refers to main.o(.bss.huart2) for huart2
    main.o(.ARM.exidx.text.CheckTimeOut) refers to main.o(.text.CheckTimeOut) for [Anonymous Symbol]
    main.o(.text.HAL_UARTEx_RxEventCallback) refers to main.o(.bss..L_MergedGlobals) for .L_MergedGlobals
    main.o(.text.HAL_UARTEx_RxEventCallback) refers to main.o(.bss.huart2) for huart2
    main.o(.text.HAL_UARTEx_RxEventCallback) refers to stm32f1xx_hal.o(.text.HAL_GetTick) for HAL_GetTick
    main.o(.text.HAL_UARTEx_RxEventCallback) refers to main.o(.bss.Rx1Buffer) for Rx1Buffer
    main.o(.text.HAL_UARTEx_RxEventCallback) refers to stm32f1xx_hal_uart.o(.text.HAL_UARTEx_ReceiveToIdle_IT) for HAL_UARTEx_ReceiveToIdle_IT
    main.o(.text.HAL_UARTEx_RxEventCallback) refers to main.o(.bss.Rx2Buffer) for Rx2Buffer
    main.o(.ARM.exidx.text.HAL_UARTEx_RxEventCallback) refers to main.o(.text.HAL_UARTEx_RxEventCallback) for [Anonymous Symbol]
    main.o(.text.main) refers to stm32f1xx_hal.o(.text.HAL_Init) for HAL_Init
    main.o(.text.main) refers to rt_memclr_w.o(.text) for __aeabi_memclr4
    main.o(.text.main) refers to stm32f1xx_hal_rcc.o(.text.HAL_RCC_OscConfig) for HAL_RCC_OscConfig
    main.o(.text.main) refers to stm32f1xx_hal_rcc.o(.text.HAL_RCC_ClockConfig) for HAL_RCC_ClockConfig
    main.o(.text.main) refers to stm32f1xx_hal_gpio.o(.text.HAL_GPIO_WritePin) for HAL_GPIO_WritePin
    main.o(.text.main) refers to stm32f1xx_hal_gpio.o(.text.HAL_GPIO_Init) for HAL_GPIO_Init
    main.o(.text.main) refers to main.o(.bss..L_MergedGlobals) for .L_MergedGlobals
    main.o(.text.main) refers to stm32f1xx_hal_uart.o(.text.HAL_UART_Init) for HAL_UART_Init
[...]
    stm32f1xx_hal_exti.c                     0x00000000   Number         0  stm32f1xx_hal_exti.o ABSOLUTE
    stm32f1xx_hal_flash.c                    0x00000000   Number         0  stm32f1xx_hal_flash.o ABSOLUTE
    stm32f1xx_hal_flash_ex.c                 0x00000000   Number         0  stm32f1xx_hal_flash_ex.o ABSOLUTE
    stm32f1xx_hal_gpio.c                     0x00000000   Number         0  stm32f1xx_hal_gpio.o ABSOLUTE
    stm32f1xx_hal_gpio_ex.c                  0x00000000   Number         0  stm32f1xx_hal_gpio_ex.o ABSOLUTE
    stm32f1xx_hal_msp.c                      0x00000000   Number         0  stm32f1xx_hal_msp.o ABSOLUTE
    stm32f1xx_hal_pwr.c                      0x00000000   Number         0  stm32f1xx_hal_pwr.o ABSOLUTE
    stm32f1xx_hal_rcc.c                      0x00000000   Number         0  stm32f1xx_hal_rcc.o ABSOLUTE
    stm32f1xx_hal_rcc_ex.c                   0x00000000   Number         0  stm32f1xx_hal_rcc_ex.o ABSOLUTE
    stm32f1xx_hal_tim.c                      0x00000000   Number         0  stm32f1xx_hal_tim.o ABSOLUTE
    stm32f1xx_hal_tim_ex.c                   0x00000000   Number         0  stm32f1xx_hal_tim_ex.o ABSOLUTE
    stm32f1xx_hal_uart.c                     0x00000000   Number         0  stm32f1xx_hal_uart.o ABSOLUTE
    stm32f1xx_it.c                           0x00000000   Number         0  stm32f1xx_it.o ABSOLUTE
    system_stm32f1xx.c                       0x00000000   Number         0  system_stm32f1xx.o ABSOLUTE
    RESET                                    0x08000000   Section      236  startup_stm32f103xb.o(RESET)
    !!!main                                  0x080000ec   Section        8  __main.o(!!!main)
    !!!scatter                               0x080000f4   Section       52  __scatter.o(!!!scatter)
    !!handler_copy                           0x08000128   Section       26  __scatter_copy.o(!!handler_copy)
    !!handler_zi                             0x08000144   Section       28  __scatter_zi.o(!!handler_zi)
    .ARM.Collect$$_printf_percent$$00000000  0x08000160   Section        0  _printf_percent.o(.ARM.Collect$$_printf_percent$$00000000)
    .ARM.Collect$$_printf_percent$$00000001  0x08000160   Section        6  _printf_n.o(.ARM.Collect$$_printf_percent$$00000001)
    .ARM.Collect$$_printf_percent$$00000002  0x08000166   Section        6  _printf_p.o(.ARM.Collect$$_printf_percent$$00000002)
    .ARM.Collect$$_printf_percent$$00000003  0x0800016c   Section        6  _printf_f.o(.ARM.Collect$$_printf_percent$$00000003)
    .ARM.Collect$$_printf_percent$$00000004  0x08000172   Section        6  _printf_e.o(.ARM.Collect$$_printf_percent$$00000004)
    .ARM.Collect$$_printf_percent$$00000005  0x08000178   Section        6  _printf_g.o(.ARM.Collect$$_printf_percent$$00000005)
    .ARM.Collect$$_printf_percent$$00000006  0x0800017e   Section        6  _printf_a.o(.ARM.Collect$$_printf_percent$$00000006)
    .ARM.Collect$$_printf_percent$$00000007  0x08000184   Section       10  _printf_ll.o(.ARM.Collect$$_printf_percent$$00000007)
    .ARM.Collect$$_printf_percent$$00000008  0x0800018e   Section        6  _printf_i.o(.ARM.Collect$$_printf_percent$$00000008)
    .ARM.Collect$$_printf_percent$$00000009  0x08000194   Section        6  _printf_d.o(.ARM.Collect$$_printf_percent$$00000009)
    .ARM.Collect$$_printf_percent$$0000000A  0x0800019a   Section        6  _printf_u.o(.ARM.Collect$$_printf_percent$$0000000A)
    .ARM.Collect$$_printf_percent$$0000000B  0x080001a0   Section        6  _printf_o.o(.ARM.Collect$$_printf_percent$$0000000B)
    .ARM.Collect$$_printf_percent$$0000000C  0x080001a6   Section        6  _printf_x.o(.ARM.Collect$$_printf_percent$$0000000C)
    .ARM.Collect$$_printf_percent$$0000000D  0x080001ac   Section        6  _printf_lli.o(.ARM.Collect$$_printf_percent$$0000000D)
    .ARM.Collect$$_printf_percent$$0000000E  0x080001b2   Section        6  _printf_lld.o(.ARM.Collect$$_printf_percent$$0000000E)
    .ARM.Collect$$_printf_percent$$0000000F  0x080001b8   Section        6  _printf_llu.o(.ARM.Collect$$_printf_percent$$0000000F)
    .ARM.Collect$$_printf_percent$$00000010  0x080001be   Section        6  _printf_llo.o(.ARM.Collect$$_printf_percent$$00000010)
    .ARM.Collect$$_printf_percent$$00000011  0x080001c4   Section        6  _printf_llx.o(.ARM.Collect$$_printf_percent$$00000011)
    .ARM.Collect$$_printf_percent$$00000012  0x080001ca   Section       10  _printf_l.o(.ARM.Collect$$_printf_percent$$00000012)
    .ARM.Collect$$_printf_percent$$00000013  0x080001d4   Section        6  _printf_c.o(.ARM.Collect$$_printf_percent$$00000013)
    .ARM.Collect$$_printf_percent$$00000014  0x080001da   Section        6  _printf_s.o(.ARM.Collect$$_printf_percent$$00000014)
    .ARM.Collect$$_printf_percent$$00000015  0x080001e0   Section        6  _printf_lc.o(.ARM.Collect$$_printf_percent$$00000015)
    .ARM.Collect$$_printf_percent$$00000016  0x080001e6   Section        6  _printf_ls.o(.ARM.Collect$$_printf_percent$$00000016)
    .ARM.Collect$$_printf_percent$$00000017  0x080001ec   Section        4  _printf_percent_end.o(.ARM.Collect$$_printf_percent$$00000017)
    .ARM.Collect$$libinit$$00000000          0x080001f0   Section        2  libinit.o(.ARM.Collect$$libinit$$00000000)
    .ARM.Collect$$libinit$$00000002          0x080001f2   Section        0  libinit2.o(.ARM.Collect$$libinit$$00000002)
    .ARM.Collect$$libinit$$00000004          0x080001f2   Section        0  libinit2.o(.ARM.Collect$$libinit$$00000004)
    .ARM.Collect$$libinit$$00000006          0x080001f2   Section        0  libinit2.o(.ARM.Collect$$libinit$$00000006)
    .ARM.Collect$$libinit$$0000000C          0x080001f2   Section        0  libinit2.o(.ARM.Collect$$libinit$$0000000C)
    .ARM.Collect$$libinit$$0000000E          0x080001f2   Section        0  libinit2.o(.ARM.Collect$$libinit$$0000000E)
    .ARM.Collect$$libinit$$00000010          0x080001f2   Section        0  libinit2.o(.ARM.Collect$$libinit$$00000010)
    .ARM.Collect$$libinit$$00000011          0x080001f2   Section        6  libinit2.o(.ARM.Collect$$libinit$$00000011)
    .ARM.Collect$$libinit$$00000013          0x080001f8   Section        0  libinit2.o(.ARM.Collect$$libinit$$00000013)
    .ARM.Collect$$libinit$$00000014          0x080001f8   Section       12  libinit2.o(.ARM.Collect$$libinit$$00000014)
    .ARM.Collect$$libinit$$00000015          0x08000204   Section        0  libinit2.o(.ARM.Collect$$libinit$$00000015)
    .ARM.Collect$$libinit$$00000017          0x08000204   Section        0  libinit2.o(.ARM.Collect$$libinit$$00000017)
    .ARM.Collect$$libinit$$00000018          0x08000204   Section       10  libinit2.o(.ARM.Collect$$libinit$$00000018)
    .ARM.Collect$$libinit$$00000019          0x0800020e   Section        0  libinit2.o(.ARM.Collect$$libinit$$00000019)
    .ARM.Collect$$libinit$$0000001B          0x0800020e   Section        0  libinit2.o(.ARM.Collect$$libinit$$0000001B)
    .ARM.Collect$$libinit$$0000001D          0x0800020e   Section        0  libinit2.o(.ARM.Collect$$libinit$$0000001D)
    .ARM.Collect$$libinit$$0000001F          0x0800020e   Section        0  libinit2.o(.ARM.Collect$$libinit$$0000001F)
    .ARM.Collect$$libinit$$00000021          0x0800020e   Section        0  libinit2.o(.ARM.Collect$$libinit$$00000021)
    .ARM.Collect$$libinit$$00000023          0x0800020e   Section        0  libinit2.o(.ARM.Collect$$libinit$$00000023)
    .ARM.Collect$$libinit$$00000025          0x0800020e   Section        0  libinit2.o(.ARM.Collect$$libinit$$00000025)
    .ARM.Collect$$libinit$$00000027          0x0800020e   Section        0  libinit2.o(.ARM.Collect$$libinit$$00000027)
    .ARM.Collect$$libinit$$0000002E          0x0800020e   Section        0  libinit2.o(.ARM.Collect$$libinit$$0000002E)
    .ARM.Collect$$libinit$$00000030          0x0800020e   Section        0  libinit2.o(.ARM.Collect$$libinit$$00000030)
    .ARM.Collect$$libinit$$00000032          0x0800020e   Section        0  libinit2.o(.ARM.Collect$$libinit$$00000032)
    .ARM.Collect$$libinit$$00000034          0x0800020e   Section        0  libinit2.o(.ARM.Collect$$libinit$$00000034)
    .ARM.Collect$$libinit$$00000035          0x0800020e   Section        2  libinit2.o(.ARM.Collect$$libinit$$00000035)
    .ARM.Collect$$libshutdown$$00000000      0x08000210   Section        2  libshutdown.o(.ARM.Collect$$libshutdown$$00000000)
    .ARM.Collect$$libshutdown$$00000002      0x08000212   Section        0  libshutdown2.o(.ARM.Collect$$libshutdown$$00000002)
    .ARM.Collect$$libshutdown$$00000004      0x08000212   Section        0  libshutdown2.o(.ARM.Collect$$libshutdown$$00000004)
    .ARM.Collect$$libshutdown$$00000007      0x08000212   Section        0  libshutdown2.o(.ARM.Collect$$libshutdown$$00000007)
    .ARM.Collect$$libshutdown$$0000000A      0x08000212   Section        0  libshutdown2.o(.ARM.Collect$$libshutdown$$0000000A)
    .ARM.Collect$$libshutdown$$0000000C      0x08000212   Section        0  libshutdown2.o(.ARM.Collect$$libshutdown$$0000000C)
    .ARM.Collect$$libshutdown$$0000000F      0x08000212   Section        0  libshutdown2.o(.ARM.Collect$$libshutdown$$0000000F)
    .ARM.Collect$$libshutdown$$00000010      0x08000212   Section        2  libshutdown2.o(.ARM.Collect$$libshutdown$$00000010)
    .ARM.Collect$$rtentry$$00000000          0x08000214   Section        0  __rtentry.o(.ARM.Collect$$rtentry$$00000000)
    .ARM.Collect$$rtentry$$00000002          0x08000214   Section        0  __rtentry2.o(.ARM.Collect$$rtentry$$00000002)
    .ARM.Collect$$rtentry$$00000004          0x08000214   Section        6  __rtentry4.o(.ARM.Collect$$rtentry$$00000004)
    .ARM.Collect$$rtentry$$00000009          0x0800021a   Section        0  __rtentry2.o(.ARM.Collect$$rtentry$$00000009)
    .ARM.Collect$$rtentry$$0000000A          0x0800021a   Section        4  __rtentry2.o(.ARM.Collect$$rtentry$$0000000A)
    .ARM.Collect$$rtentry$$0000000C          0x0800021e   Section        0  __rtentry2.o(.ARM.Collect$$rtentry$$0000000C)
    .ARM.Collect$$rtentry$$0000000D          0x0800021e   Section        8  __rtentry2.o(.ARM.Collect$$rtentry$$0000000D)
    .ARM.Collect$$rtexit$$00000000           0x08000226   Section        2  rtexit.o(.ARM.Collect$$rtexit$$00000000)
    .ARM.Collect$$rtexit$$00000002           0x08000228   Section        0  rtexit2.o(.ARM.Collect$$rtexit$$00000002)
    .ARM.Collect$$rtexit$$00000003           0x08000228   Section        4  rtexit2.o(.ARM.Collect$$rtexit$$00000003)
    .ARM.Collect$$rtexit$$00000004           0x0800022c   Section        6  rtexit2.o(.ARM.Collect$$rtexit$$00000004)
    .text                                    0x08000234   Section       64  startup_stm32f103xb.o(.text)
    .text                                    0x08000274   Section        0  vsprintf.o(.text)
    .text                                    0x08000298   Section        0  strlen.o(.text)
    .text                                    0x080002d6   Section       78  rt_memclr_w.o(.text)
    .text                                    0x08000324   Section        0  heapauxi.o(.text)
    .text                                    0x0800032a   Section        0  _printf_pad.o(.text)
    .text                                    0x08000378   Section        0  _printf_truncate.o(.text)
    .text                                    0x0800039c   Section        0  _printf_str.o(.text)
    .text                                    0x080003f0   Section        0  _printf_dec.o(.text)
    .text                                    0x08000468   Section        0  _printf_charcount.o(.text)
    _printf_input_char                       0x08000491   Thumb Code    10  _printf_char_common.o(.text)
    .text                                    0x08000490   Section        0  _printf_char_common.o(.text)
    .text                                    0x080004c0   Section        0  _sputc.o(.text)
    .text                                    0x080004cc   Section        0  _printf_wctomb.o(.text)
    .text                                    0x08000588   Section        0  _printf_longlong_dec.o(.text)
    _printf_longlong_oct_internal            0x08000605   Thumb Code     0  _printf_oct_int_ll.o(.text)
    .text                                    0x08000604   Section        0  _printf_oct_int_ll.o(.text)
    _printf_hex_common                       0x08000675   Thumb Code     0  _printf_hex_int_ll_ptr.o(.text)
    .text                                    0x08000674   Section        0  _printf_hex_int_ll_ptr.o(.text)
    .text                                    0x08000708   Section        0  __printf_flags_ss_wp.o(.text)
    .text                                    0x08000890   Section      138  lludiv10.o(.text)
    .text                                    0x0800091a   Section        0  _printf_intcommon.o(.text)
    _fp_digits                               0x080009cd   Thumb Code   432  _printf_fp_dec.o(.text)
    .text                                    0x080009cc   Section        0  _printf_fp_dec.o(.text)
    .text                                    0x08000de8   Section        0  _printf_fp_hex.o(.text)
    .text                                    0x080010e4   Section        0  _printf_char.o(.text)
    .text                                    0x08001110   Section        0  _printf_wchar.o(.text)
    .text                                    0x0800113c   Section        0  _c16rtomb.o(.text)
    .text                                    0x08001184   Section       74  sys_stackheap_outer.o(.text)
    .text                                    0x080011d0   Section       16  rt_ctype_table.o(.text)
    .text                                    0x080011e0   Section        8  rt_locale_intlibspace.o(.text)
    .text                                    0x080011e8   Section        0  _printf_fp_infnan.o(.text)
    .text                                    0x08001268   Section        0  bigflt0.o(.text)
    .text                                    0x0800134c   Section        0  exit.o(.text)
    .text                                    0x08001360   Section        8  libspace.o(.text)
    .text                                    0x08001368   Section      128  strcmpv7m.o(.text)
    .text                                    0x080013e8   Section        0  sys_exit.o(.text)
    .text                                    0x080013f4   Section        2  use_no_semi.o(.text)
    .text                                    0x080013f6   Section        0  indicate_semi.o(.text)
    [Anonymous Symbol]                       0x080013f8   Section        0  stm32f1xx_it.o(.text.BusFault_Handler)
    [Anonymous Symbol]                       0x080013fc   Section        0  stm32f1xx_it.o(.text.DebugMon_Handler)
    [Anonymous Symbol]                       0x08001400   Section        0  stm32f1xx_hal_dma.o(.text.HAL_DMA_Abort)
    [Anonymous Symbol]                       0x08001448   Section        0  stm32f1xx_hal_dma.o(.text.HAL_DMA_Abort_IT)
    [Anonymous Symbol]                       0x080014fc   Section        0  stm32f1xx_hal.o(.text.HAL_Delay)
    [Anonymous Symbol]                       0x08001524   Section        0  stm32f1xx_hal_gpio.o(.text.HAL_GPIO_Init)
    [Anonymous Symbol]                       0x08001740   Section        0  stm32f1xx_hal_gpio.o(.text.HAL_GPIO_WritePin)
    [Anonymous Symbol]                       0x0800174c   Section        0  stm32f1xx_hal.o(.text.HAL_GetTick)
    [Anonymous Symbol]                       0x08001758   Section        0  stm32f1xx_hal.o(.text.HAL_IncTick)
    [Anonymous Symbol]                       0x08001774   Section        0  stm32f1xx_hal.o(.text.HAL_Init)
    [Anonymous Symbol]                       0x0800179c   Section        0  stm32f1xx_hal.o(.text.HAL_InitTick)
    [Anonymous Symbol]                       0x080017e4   Section        0  stm32f1xx_hal_msp.o(.text.HAL_MspInit)
    [Anonymous Symbol]                       0x08001828   Section        0  stm32f1xx_hal_cortex.o(.text.HAL_NVIC_EnableIRQ)
    [Anonymous Symbol]                       0x08001850   Section        0  stm32f1xx_hal_cortex.o(.text.HAL_NVIC_SetPriority)
    [Anonymous Symbol]                       0x080018a8   Section        0  stm32f1xx_hal_cortex.o(.text.HAL_NVIC_SetPriorityGrouping)
    [Anonymous Symbol]                       0x080018c8   Section        0  stm32f1xx_hal_rcc.o(.text.HAL_RCC_ClockConfig)
    [Anonymous Symbol]                       0x08001a88   Section        0  stm32f1xx_hal_rcc.o(.text.HAL_RCC_GetHCLKFreq)
    [Anonymous Symbol]                       0x08001a94   Section        0  stm32f1xx_hal_rcc.o(.text.HAL_RCC_GetPCLK1Freq)
    [Anonymous Symbol]                       0x08001abc   Section        0  stm32f1xx_hal_rcc.o(.text.HAL_RCC_GetPCLK2Freq)
    [Anonymous Symbol]                       0x08001ae4   Section        0  stm32f1xx_hal_rcc.o(.text.HAL_RCC_OscConfig)
    [Anonymous Symbol]                       0x08001e98   Section        0  stm32f1xx_hal_cortex.o(.text.HAL_SYSTICK_Config)
    [Anonymous Symbol]                       0x08001ec4   Section        0  stm32f1xx_hal_uart.o(.text.HAL_UARTEx_ReceiveToIdle_IT)
    [Anonymous Symbol]                       0x08001f8c   Section        0  main.o(.text.HAL_UARTEx_RxEventCallback)
    [Anonymous Symbol]                       0x08001ff0   Section        0  stm32f1xx_hal_uart.o(.text.HAL_UART_ErrorCallback)
    [Anonymous Symbol]                       0x08001ff4   Section        0  stm32f1xx_hal_uart.o(.text.HAL_UART_IRQHandler)
    [Anonymous Symbol]                       0x08002554   Section        0  stm32f1xx_hal_uart.o(.text.HAL_UART_Init)
    [Anonymous Symbol]                       0x08002638   Section        0  stm32f1xx_hal_msp.o(.text.HAL_UART_MspInit)
    [Anonymous Symbol]                       0x08002710   Section        0  stm32f1xx_hal_uart.o(.text.HAL_UART_RxCpltCallback)
    [Anonymous Symbol]                       0x08002714   Section        0  stm32f1xx_hal_uart.o(.text.HAL_UART_Transmit)
    [Anonymous Symbol]                       0x0800298c   Section        0  stm32f1xx_hal_uart.o(.text.HAL_UART_TxCpltCallback)
    [Anonymous Symbol]                       0x08002990   Section        0  stm32f1xx_it.o(.text.HardFault_Handler)
    [Anonymous Symbol]                       0x08002994   Section        0  stm32f1xx_it.o(.text.MemManage_Handler)
    [Anonymous Symbol]                       0x08002998   Section        0  stm32f1xx_it.o(.text.NMI_Handler)
    [Anonymous Symbol]                       0x0800299c   Section        0  stm32f1xx_it.o(.text.PendSV_Handler)
    [Anonymous Symbol]                       0x080029a0   Section        0  stm32f1xx_it.o(.text.SVC_Handler)
    [Anonymous Symbol]                       0x080029a4   Section        0  stm32f1xx_it.o(.text.SysTick_Handler)
    [Anonymous Symbol]                       0x080029a8   Section        0  system_stm32f1xx.o(.text.SystemInit)
    UART_DMAAbortOnError                     0x080029ad   Thumb Code    12  stm32f1xx_hal_uart.o(.text.UART_DMAAbortOnError)
    [Anonymous Symbol]                       0x080029ac   Section        0  stm32f1xx_hal_uart.o(.text.UART_DMAAbortOnError)
    UART_Receive_IT                          0x080029b9   Thumb Code   254  stm32f1xx_hal_uart.o(.text.UART_Receive_IT)
    [Anonymous Symbol]                       0x080029b8   Section        0  stm32f1xx_hal_uart.o(.text.UART_Receive_IT)
    [Anonymous Symbol]                       0x08002ab8   Section        0  stm32f1xx_it.o(.text.USART1_IRQHandler)
    [Anonymous Symbol]                       0x08002ac4   Section        0  stm32f1xx_it.o(.text.USART2_IRQHandler)
    [Anonymous Symbol]                       0x08002ad0   Section        0  stm32f1xx_it.o(.text.UsageFault_Handler)
    [Anonymous Symbol]                       0x08002ad4   Section        0  lcd16x2.o(.text.lcd16x2_1stLine)
    [Anonymous Symbol]                       0x08002af4   Section        0  lcd16x2.o(.text.lcd16x2_2ndLine)
    [Anonymous Symbol]                       0x08002b14   Section        0  lcd16x2.o(.text.lcd16x2_clear)
    lcd16x2_enablePulse                      0x08002b39   Thumb Code   176  lcd16x2.o(.text.lcd16x2_enablePulse)
    [Anonymous Symbol]                       0x08002b38   Section        0  lcd16x2.o(.text.lcd16x2_enablePulse)
    [Anonymous Symbol]                       0x08002be8   Section        0  lcd16x2.o(.text.lcd16x2_init_4bits)
    [Anonymous Symbol]                       0x08002d90   Section        0  lcd16x2.o(.text.lcd16x2_printf)
    lcd16x2_write                            0x08002fa9   Thumb Code   180  lcd16x2.o(.text.lcd16x2_write)
    [Anonymous Symbol]                       0x08002fa8   Section        0  lcd16x2.o(.text.lcd16x2_write)
    [Anonymous Symbol]                       0x0800305c   Section        0  main.o(.text.main)
    CL$$btod_d2e                             0x080035fc   Section       62  btod.o(CL$$btod_d2e)
    CL$$btod_d2e_denorm_low                  0x0800363a   Section       70  btod.o(CL$$btod_d2e_denorm_low)
    CL$$btod_d2e_norm_op1                    0x08003680   Section       96  btod.o(CL$$btod_d2e_norm_op1)
    CL$$btod_div_common                      0x080036e0   Section      824  btod.o(CL$$btod_div_common)
    CL$$btod_e2e                             0x08003a18   Section      220  btod.o(CL$$btod_e2e)
    CL$$btod_ediv                            0x08003af4   Section       42  btod.o(CL$$btod_ediv)
    CL$$btod_emul                            0x08003b1e   Section       42  btod.o(CL$$btod_emul)
    CL$$btod_mult_common                     0x08003b48   Section      580  btod.o(CL$$btod_mult_common)
    i.__ARM_fpclassify                       0x08003d8c   Section        0  fpclassify.o(i.__ARM_fpclassify)
    i._is_digit                              0x08003db4   Section        0  __printf_wp.o(i._is_digit)
    locale$$code                             0x08003dc4   Section       44  lc_numeric_c.o(locale$$code)
    locale$$code                             0x08003df0   Section       44  lc_ctype_c.o(locale$$code)
    x$fpl$printf1                            0x08003e1c   Section        4  printf1.o(x$fpl$printf1)
    x$fpl$printf2                            0x08003e20   Section        4  printf2.o(x$fpl$printf2)
    initial_mbstate                          0x08003e24   Data           8  _printf_wctomb.o(.constdata)
    .constdata                               0x08003e24   Section        8  _printf_wctomb.o(.constdata)
    x$fpl$usenofp                            0x08003e24   Section        0  usenofp.o(x$fpl$usenofp)
    uc_hextab                                0x08003e2c   Data          20  _printf_hex_int_ll_ptr.o(.constdata)
    .constdata                               0x08003e2c   Section       40  _printf_hex_int_ll_ptr.o(.constdata)
    lc_hextab                                0x08003e40   Data          20  _printf_hex_int_ll_ptr.o(.constdata)
    maptable                                 0x08003e54   Data          17  __printf_flags_ss_wp.o(.constdata)
    .constdata                               0x08003e54   Section       17  __printf_flags_ss_wp.o(.constdata)
    lc_hextab                                0x08003e65   Data          19  _printf_fp_hex.o(.constdata)
    .constdata                               0x08003e65   Section       38  _printf_fp_hex.o(.constdata)
    uc_hextab                                0x08003e78   Data          19  _printf_fp_hex.o(.constdata)
    tenpwrs_x                                0x08003e8c   Data          60  bigflt0.o(.constdata)
    .constdata                               0x08003e8c   Section      148  bigflt0.o(.constdata)
    tenpwrs_i                                0x08003ec8   Data          64  bigflt0.o(.constdata)
    HAL_RCC_GetSysClockFreq.aPredivFactorTable 0x08003f38   Data           2  stm32f1xx_hal_rcc.o(.rodata.HAL_RCC_GetSysClockFreq.aPredivFactorTable)
    [Anonymous Symbol]                       0x08003f38   Section        0  stm32f1xx_hal_rcc.o(.rodata.HAL_RCC_GetSysClockFreq.aPredivFactorTable)
    HAL_RCC_GetSysClockFreq.aPLLMULFactorTable 0x08003f3a   Data          16  stm32f1xx_hal_rcc.o(.rodata.cst16)
    [Anonymous Symbol]                       0x08003f3a   Section        0  stm32f1xx_hal_rcc.o(.rodata.cst16)
    locale$$data                             0x08003f6c   Section       28  lc_numeric_c.o(locale$$data)
    __lcnum_c_name                           0x08003f70   Data           2  lc_numeric_c.o(locale$$data)
    __lcnum_c_start                          0x08003f78   Data           0  lc_numeric_c.o(locale$$data)
    __lcnum_c_point                          0x08003f84   Data           0  lc_numeric_c.o(locale$$data)
    __lcnum_c_thousands                      0x08003f86   Data           0  lc_numeric_c.o(locale$$data)
    __lcnum_c_grouping                       0x08003f87   Data           0  lc_numeric_c.o(locale$$data)
    __lcnum_c_end                            0x08003f88   Data           0  lc_numeric_c.o(locale$$data)
    locale$$data                             0x08003f88   Section      272  lc_ctype_c.o(locale$$data)
    __lcctype_c_name                         0x08003f8c   Data           2  lc_ctype_c.o(locale$$data)
    __lcctype_c_start                        0x08003f94   Data           0  lc_ctype_c.o(locale$$data)
    __lcctype_c_end                          0x08004098   Data           0  lc_ctype_c.o(locale$$data)
    .L_MergedGlobals                         0x20000000   Data           8  stm32f1xx_hal.o(.data..L_MergedGlobals)
    [Anonymous Symbol]                       0x20000000   Section        0  stm32f1xx_hal.o(.data..L_MergedGlobals)
    FunctionSet                              0x20000008   Data           1  lcd16x2.o(.data.FunctionSet)
    [Anonymous Symbol]                       0x20000008   Section        0  lcd16x2.o(.data.FunctionSet)
    .bss                                     0x20000010   Section       96  libspace.o(.bss)
    .L_MergedGlobals                         0x20000070   Data          84  main.o(.bss..L_MergedGlobals)
    [Anonymous Symbol]                       0x20000070   Section        0  main.o(.bss..L_MergedGlobals)
    .L_MergedGlobals                         0x200000c4   Data          36  lcd16x2.o(.bss..L_MergedGlobals)
    is8BitsMode                              0x200000c4   Data           1  lcd16x2.o(.bss..L_MergedGlobals)
    [Anonymous Symbol]                       0x200000c4   Section        0  lcd16x2.o(.bss..L_MergedGlobals)
    PIN_RS                                   0x200000c6   Data           2  lcd16x2.o(.bss..L_MergedGlobals)
    PIN_E                                    0x200000c8   Data           2  lcd16x2.o(.bss..L_MergedGlobals)
    D0_PIN                                   0x200000ca   Data           2  lcd16x2.o(.bss..L_MergedGlobals)
    D1_PIN                                   0x200000cc   Data           2  lcd16x2.o(.bss..L_MergedGlobals)
    D2_PIN                                   0x200000ce   Data           2  lcd16x2.o(.bss..L_MergedGlobals)
    D3_PIN                                   0x200000d0   Data           2  lcd16x2.o(.bss..L_MergedGlobals)
    D4_PIN                                   0x200000d2   Data           2  lcd16x2.o(.bss..L_MergedGlobals)
    D5_PIN                                   0x200000d4   Data           2  lcd16x2.o(.bss..L_MergedGlobals)
    D6_PIN                                   0x200000d6   Data           2  lcd16x2.o(.bss..L_MergedGlobals)
    D7_PIN                                   0x200000d8   Data           2  lcd16x2.o(.bss..L_MergedGlobals)
    PORT_RS_and_E                            0x200000dc   Data           4  lcd16x2.o(.bss..L_MergedGlobals)
    PORT_LSB                                 0x200000e0   Data           4  lcd16x2.o(.bss..L_MergedGlobals)
    PORT_MSB                                 0x200000e4   Data           4  lcd16x2.o(.bss..L_MergedGlobals)
    Heap_Mem                                 0x20000338   Data         512  startup_stm32f103xb.o(HEAP)
    HEAP                                     0x20000338   Section      512  startup_stm32f103xb.o(HEAP)
    Stack_Mem                                0x20000538   Data        1024  startup_stm32f103xb.o(STACK)
    STACK                                    0x20000538   Section     1024  startup_stm32f103xb.o(STACK)
    __initial_sp                             0x20000938   Data           0  startup_stm32f103xb.o(STACK)

    Global Symbols

    Symbol Name                              Value     Ov Type        Size  Object(Section)

    BuildAttributes$$THM_ISAv4$P$D$K$B$S$PE$A:L22UL41UL21$X:L11$S22US41US21$IEEE1$IW$~IW$USESV6$~STKCKD$USESV7$~SHL$OTIME$ROPI$IEEEJ$EBA8$UX$STANDARDLIB$REQ8$PRES8$EABIv2 0x00000000   Number         0  anon$$obj.o ABSOLUTE
    __fp_init_empty                          0x00000000   Number         0  fpinit_empty.o ABSOLUTE
    _printf_flags                            0x00000000   Number         0  printf_stubs.o ABSOLUTE
    _printf_return_value                     0x00000000   Number         0  printf_stubs.o ABSOLUTE
    _printf_sizespec                         0x00000000   Number         0  printf_stubs.o ABSOLUTE
    _printf_widthprec                        0x00000000   Number         0  printf_stubs.o ABSOLUTE
    __ARM_exceptions_init                     - Undefined Weak Reference
    __alloca_initialize                       - Undefined Weak Reference
    __arm_preinit_                            - Undefined Weak Reference
    __arm_relocate_pie_                       - Undefined Weak Reference
    __cpp_initialize__aeabi_                  - Undefined Weak Reference
    __cxa_finalize                            - Undefined Weak Reference
    __sigvec_lookup                           - Undefined Weak Reference
    _atexit_init                              - Undefined Weak Reference
    _call_atexit_fns                          - Undefined Weak Reference
    _clock_init                               - Undefined Weak Reference
    _fp_trap_init                             - Undefined Weak Reference
    _fp_trap_shutdown                         - Undefined Weak Reference
    _get_lc_collate                           - Undefined Weak Reference
    _get_lc_monetary                          - Undefined Weak Reference
    _get_lc_time                              - Undefined Weak Reference
    _getenv_init                              - Undefined Weak Reference
    _handle_redirection                       - Undefined Weak Reference
    _init_alloc                               - Undefined Weak Reference
    _init_user_alloc                          - Undefined Weak Reference
    _initio                                   - Undefined Weak Reference
    _printf_mbtowc                            - Undefined Weak Reference
    _printf_wc                                - Undefined Weak Reference
    _rand_init                                - Undefined Weak Reference
    _signal_finish                            - Undefined Weak Reference
    _signal_init                              - Undefined Weak Reference
    _terminate_alloc                          - Undefined Weak Reference
    _terminate_user_alloc                     - Undefined Weak Reference
    _terminateio                              - Undefined Weak Reference
    __Vectors_Size                           0x000000ec   Number         0  startup_stm32f103xb.o ABSOLUTE
    __Vectors                                0x08000000   Data           4  startup_stm32f103xb.o(RESET)
    __Vectors_End                            0x080000ec   Data           0  startup_stm32f103xb.o(RESET)
    __main                                   0x080000ed   Thumb Code     8  __main.o(!!!main)
    __scatterload                            0x080000f5   Thumb Code     0  __scatter.o(!!!scatter)
    __scatterload_rt2                        0x080000f5   Thumb Code    44  __scatter.o(!!!scatter)
    __scatterload_rt2_thumb_only             0x080000f5   Thumb Code     0  __scatter.o(!!!scatter)
    __scatterload_null                       0x08000103   Thumb Code     0  __scatter.o(!!!scatter)
    __scatterload_copy                       0x08000129   Thumb Code    26  __scatter_copy.o(!!handler_copy)
    __scatterload_zeroinit                   0x08000145   Thumb Code    28  __scatter_zi.o(!!handler_zi)
    _printf_n                                0x08000161   Thumb Code     0  _printf_n.o(.ARM.Collect$$_printf_percent$$00000001)
    _printf_percent                          0x08000161   Thumb Code     0  _printf_percent.o(.ARM.Collect$$_printf_percent$$00000000)
    _printf_p                                0x08000167   Thumb Code     0  _printf_p.o(.ARM.Collect$$_printf_percent$$00000002)
    _printf_f                                0x0800016d   Thumb Code     0  _printf_f.o(.ARM.Collect$$_printf_percent$$00000003)
    _printf_e                                0x08000173   Thumb Code     0  _printf_e.o(.ARM.Collect$$_printf_percent$$00000004)
    _printf_g                                0x08000179   Thumb Code     0  _printf_g.o(.ARM.Collect$$_printf_percent$$00000005)
    _printf_a                                0x0800017f   Thumb Code     0  _printf_a.o(.ARM.Collect$$_printf_percent$$00000006)
    _printf_ll                               0x08000185   Thumb Code     0  _printf_ll.o(.ARM.Collect$$_printf_percent$$00000007)
    _printf_i                                0x0800018f   Thumb Code     0  _printf_i.o(.ARM.Collect$$_printf_percent$$00000008)
    _printf_d                                0x08000195   Thumb Code     0  _printf_d.o(.ARM.Collect$$_printf_percent$$00000009)
    _printf_u                                0x0800019b   Thumb Code     0  _printf_u.o(.ARM.Collect$$_printf_percent$$0000000A)
    _printf_o                                0x080001a1   Thumb Code     0  _printf_o.o(.ARM.Collect$$_printf_percent$$0000000B)
    _printf_x                                0x080001a7   Thumb Code     0  _printf_x.o(.ARM.Collect$$_printf_percent$$0000000C)
    _printf_lli                              0x080001ad   Thumb Code     0  _printf_lli.o(.ARM.Collect$$_printf_percent$$0000000D)
    _printf_lld                              0x080001b3   Thumb Code     0  _printf_lld.o(.ARM.Collect$$_printf_percent$$0000000E)
    _printf_llu                              0x080001b9   Thumb Code     0  _printf_llu.o(.ARM.Collect$$_printf_percent$$0000000F)
    _printf_llo                              0x080001bf   Thumb Code     0  _printf_llo.o(.ARM.Collect$$_printf_percent$$00000010)
    _printf_llx                              0x080001c5   Thumb Code     0  _printf_llx.o(.ARM.Collect$$_printf_percent$$00000011)
    _printf_l                                0x080001cb   Thumb Code     0  _printf_l.o(.ARM.Collect$$_printf_percent$$00000012)
    _printf_c                                0x080001d5   Thumb Code     0  _printf_c.o(.ARM.Collect$$_printf_percent$$00000013)
    _printf_s                                0x080001db   Thumb Code     0  _printf_s.o(.ARM.Collect$$_printf_percent$$00000014)
    _printf_lc                               0x080001e1   Thumb Code     0  _printf_lc.o(.ARM.Collect$$_printf_percent$$00000015)
    _printf_ls                               0x080001e7   Thumb Code     0  _printf_ls.o(.ARM.Collect$$_printf_percent$$00000016)
    _printf_percent_end                      0x080001ed   Thumb Code     0  _printf_percent_end.o(.ARM.Collect$$_printf_percent$$00000017)
    __rt_lib_init                            0x080001f1   Thumb Code     0  libinit.o(.ARM.Collect$$libinit$$00000000)
    __rt_lib_init_fp_1                       0x080001f3   Thumb Code     0  libinit2.o(.ARM.Collect$$libinit$$00000002)
    __rt_lib_init_heap_1                     0x080001f3   Thumb Code     0  libinit2.o(.ARM.Collect$$libinit$$0000000C)
    __rt_lib_init_lc_common                  0x080001f3   Thumb Code     0  libinit2.o(.ARM.Collect$$libinit$$00000011)
    __rt_lib_init_preinit_1                  0x080001f3   Thumb Code     0  libinit2.o(.ARM.Collect$$libinit$$00000006)
    __rt_lib_init_rand_1                     0x080001f3   Thumb Code     0  libinit2.o(.ARM.Collect$$libinit$$00000010)
    __rt_lib_init_relocate_pie_1             0x080001f3   Thumb Code     0  libinit2.o(.ARM.Collect$$libinit$$00000004)
    __rt_lib_init_user_alloc_1               0x080001f3   Thumb Code     0  libinit2.o(.ARM.Collect$$libinit$$0000000E)
    __rt_lib_init_lc_collate_1               0x080001f9   Thumb Code     0  libinit2.o(.ARM.Collect$$libinit$$00000013)
    __rt_lib_init_lc_ctype_2                 0x080001f9   Thumb Code     0  libinit2.o(.ARM.Collect$$libinit$$00000014)
    __rt_lib_init_lc_ctype_1                 0x08000205   Thumb Code     0  libinit2.o(.ARM.Collect$$libinit$$00000015)
    __rt_lib_init_lc_monetary_1              0x08000205   Thumb Code     0  libinit2.o(.ARM.Collect$$libinit$$00000017)
    __rt_lib_init_lc_numeric_2               0x08000205   Thumb Code     0  libinit2.o(.ARM.Collect$$libinit$$00000018)
    __rt_lib_init_alloca_1                   0x0800020f   Thumb Code     0  libinit2.o(.ARM.Collect$$libinit$$00000030)
    __rt_lib_init_argv_1                     0x0800020f   Thumb Code     0  libinit2.o(.ARM.Collect$$libinit$$0000002E)
    __rt_lib_init_atexit_1                   0x0800020f   Thumb Code     0  libinit2.o(.ARM.Collect$$libinit$$0000001D)
    __rt_lib_init_clock_1                    0x0800020f   Thumb Code     0  libinit2.o(.ARM.Collect$$libinit$$00000023)
    __rt_lib_init_cpp_1                      0x0800020f   Thumb Code     0  libinit2.o(.ARM.Collect$$libinit$$00000034)
    __rt_lib_init_exceptions_1               0x0800020f   Thumb Code     0  libinit2.o(.ARM.Collect$$libinit$$00000032)
    __rt_lib_init_fp_trap_1                  0x0800020f   Thumb Code     0  libinit2.o(.ARM.Collect$$libinit$$00000021)
    __rt_lib_init_getenv_1                   0x0800020f   Thumb Code     0  libinit2.o(.ARM.Collect$$libinit$$00000025)
    __rt_lib_init_lc_numeric_1               0x0800020f   Thumb Code     0  libinit2.o(.ARM.Collect$$libinit$$00000019)
    __rt_lib_init_lc_time_1                  0x0800020f   Thumb Code     0  libinit2.o(.ARM.Collect$$libinit$$0000001B)
    __rt_lib_init_return                     0x0800020f   Thumb Code     0  libinit2.o(.ARM.Collect$$libinit$$00000035)
    __rt_lib_init_signal_1                   0x0800020f   Thumb Code     0  libinit2.o(.ARM.Collect$$libinit$$0000001F)
    __rt_lib_init_stdio_1                    0x0800020f   Thumb Code     0  libinit2.o(.ARM.Collect$$libinit$$00000027)
    __rt_lib_shutdown                        0x08000211   Thumb Code     0  libshutdown.o(.ARM.Collect$$libshutdown$$00000000)
    __rt_lib_shutdown_cpp_1                  0x08000213   Thumb Code     0  libshutdown2.o(.ARM.Collect$$libshutdown$$00000002)
    __rt_lib_shutdown_fp_trap_1              0x08000213   Thumb Code     0  libshutdown2.o(.ARM.Collect$$libshutdown$$00000007)
    __rt_lib_shutdown_heap_1                 0x08000213   Thumb Code     0  libshutdown2.o(.ARM.Collect$$libshutdown$$0000000F)
    __rt_lib_shutdown_return                 0x08000213   Thumb Code     0  libshutdown2.o(.ARM.Collect$$libshutdown$$00000010)
    __rt_lib_shutdown_signal_1               0x08000213   Thumb Code     0  libshutdown2.o(.ARM.Collect$$libshutdown$$0000000A)
    __rt_lib_shutdown_stdio_1                0x08000213   Thumb Code     0  libshutdown2.o(.ARM.Collect$$libshutdown$$00000004)
    __rt_lib_shutdown_user_alloc_1           0x08000213   Thumb Code     0  libshutdown2.o(.ARM.Collect$$libshutdown$$0000000C)
    __rt_entry                               0x08000215   Thumb Code     0  __rtentry.o(.ARM.Collect$$rtentry$$00000000)
    __rt_entry_presh_1                       0x08000215   Thumb Code     0  __rtentry2.o(.ARM.Collect$$rtentry$$00000002)
    __rt_entry_sh                            0x08000215   Thumb Code     0  __rtentry4.o(.ARM.Collect$$rtentry$$00000004)
    __rt_entry_li                            0x0800021b   Thumb Code     0  __rtentry2.o(.ARM.Collect$$rtentry$$0000000A)
    __rt_entry_postsh_1                      0x0800021b   Thumb Code     0  __rtentry2.o(.ARM.Collect$$rtentry$$00000009)
    __rt_entry_main                          0x0800021f   Thumb Code     0  __rtentry2.o(.ARM.Collect$$rtentry$$0000000D)
    __rt_entry_postli_1                      0x0800021f   Thumb Code     0  __rtentry2.o(.ARM.Collect$$rtentry$$0000000C)
    __rt_exit                                0x08000227   Thumb Code     0  rtexit.o(.ARM.Collect$$rtexit$$00000000)
    __rt_exit_ls                             0x08000229   Thumb Code     0  rtexit2.o(.ARM.Collect$$rtexit$$00000003)
    __rt_exit_prels_1                        0x08000229   Thumb Code     0  rtexit2.o(.ARM.Collect$$rtexit$$00000002)
    __rt_exit_exit                           0x0800022d   Thumb Code     0  rtexit2.o(.ARM.Collect$$rtexit$$00000004)
    Reset_Handler                            0x08000235   Thumb Code     8  startup_stm32f103xb.o(.text)
    ADC1_2_IRQHandler                        0x0800024f   Thumb Code     0  startup_stm32f103xb.o(.text)
    CAN1_RX1_IRQHandler                      0x0800024f   Thumb Code     0  startup_stm32f103xb.o(.text)
    CAN1_SCE_IRQHandler                      0x0800024f   Thumb Code     0  startup_stm32f103xb.o(.text)
    DMA1_Channel1_IRQHandler                 0x0800024f   Thumb Code     0  startup_stm32f103xb.o(.text)
    DMA1_Channel2_IRQHandler                 0x0800024f   Thumb Code     0  startup_stm32f103xb.o(.text)
    DMA1_Channel3_IRQHandler                 0x0800024f   Thumb Code     0  startup_stm32f103xb.o(.text)
    DMA1_Channel4_IRQHandler                 0x0800024f   Thumb Code     0  startup_stm32f103xb.o(.text)
    DMA1_Channel5_IRQHandler                 0x0800024f   Thumb Code     0  startup_stm32f103xb.o(.text)
    DMA1_Channel6_IRQHandler                 0x0800024f   Thumb Code     0  startup_stm32f103xb.o(.text)
    DMA1_Channel7_IRQHandler                 0x0800024f   Thumb Code     0  startup_stm32f103xb.o(.text)
    EXTI0_IRQHandler                         0x0800024f   Thumb Code     0  startup_stm32f103xb.o(.text)
    EXTI15_10_IRQHandler                     0x0800024f   Thumb Code     0  startup_stm32f103xb.o(.text)
    EXTI1_IRQHandler                         0x0800024f   Thumb Code     0  startup_stm32f103xb.o(.text)
    EXTI2_IRQHandler                         0x0800024f   Thumb Code     0  startup_stm32f103xb.o(.text)
    EXTI3_IRQHandler                         0x0800024f   Thumb Code     0  startup_stm32f103xb.o(.text)
    EXTI4_IRQHandler                         0x0800024f   Thumb Code     0  startup_stm32f103xb.o(.text)
    EXTI9_5_IRQHandler                       0x0800024f   Thumb Code     0  startup_stm32f103xb.o(.text)
    FLASH_IRQHandler                         0x0800024f   Thumb Code     0  startup_stm32f103xb.o(.text)
    I2C1_ER_IRQHandler                       0x0800024f   Thumb Code     0  startup_stm32f103xb.o(.text)
    I2C1_EV_IRQHandler                       0x0800024f   Thumb Code     0  startup_stm32f103xb.o(.text)
    I2C2_ER_IRQHandler                       0x0800024f   Thumb Code     0  startup_stm32f103xb.o(.text)
    I2C2_EV_IRQHandler                       0x0800024f   Thumb Code     0  startup_stm32f103xb.o(.text)
    PVD_IRQHandler                           0x0800024f   Thumb Code     0  startup_stm32f103xb.o(.text)
    RCC_IRQHandler                           0x0800024f   Thumb Code     0  startup_stm32f103xb.o(.text)
    RTC_Alarm_IRQHandler                     0x0800024f   Thumb Code     0  startup_stm32f103xb.o(.text)
    RTC_IRQHandler                           0x0800024f   Thumb Code     0  startup_stm32f103xb.o(.text)
    SPI1_IRQHandler                          0x0800024f   Thumb Code     0  startup_stm32f103xb.o(.text)
    SPI2_IRQHandler                          0x0800024f   Thumb Code     0  startup_stm32f103xb.o(.text)
    TAMPER_IRQHandler                        0x0800024f   Thumb Code     0  startup_stm32f103xb.o(.text)
    TIM1_BRK_IRQHandler                      0x0800024f   Thumb Code     0  startup_stm32f103xb.o(.text)
    TIM1_CC_IRQHandler                       0x0800024f   Thumb Code     0  startup_stm32f103xb.o(.text)
    TIM1_TRG_COM_IRQHandler                  0x0800024f   Thumb Code     0  startup_stm32f103xb.o(.text)
    TIM1_UP_IRQHandler                       0x0800024f   Thumb Code     0  startup_stm32f103xb.o(.text)
    TIM2_IRQHandler                          0x0800024f   Thumb Code     0  startup_stm32f103xb.o(.text)
    TIM3_IRQHandler                          0x0800024f   Thumb Code     0  startup_stm32f103xb.o(.text)
    TIM4_IRQHandler                          0x0800024f   Thumb Code     0  startup_stm32f103xb.o(.text)
    USART3_IRQHandler                        0x0800024f   Thumb Code     0  startup_stm32f103xb.o(.text)
    USBWakeUp_IRQHandler                     0x0800024f   Thumb Code     0  startup_stm32f103xb.o(.text)
    USB_HP_CAN1_TX_IRQHandler                0x0800024f   Thumb Code     0  startup_stm32f103xb.o(.text)
    USB_LP_CAN1_RX0_IRQHandler               0x0800024f   Thumb Code     0  startup_stm32f103xb.o(.text)
    WWDG_IRQHandler                          0x0800024f   Thumb Code     0  startup_stm32f103xb.o(.text)
    __user_initial_stackheap                 0x08000251   Thumb Code     0  startup_stm32f103xb.o(.text)
    vsprintf                                 0x08000275   Thumb Code    32  vsprintf.o(.text)
    strlen                                   0x08000299   Thumb Code    62  strlen.o(.text)
    __aeabi_memclr4                          0x080002d7   Thumb Code     0  rt_memclr_w.o(.text)
    __aeabi_memclr8                          0x080002d7   Thumb Code     0  rt_memclr_w.o(.text)
    __rt_memclr_w                            0x080002d7   Thumb Code     0  rt_memclr_w.o(.text)
    _memset_w                                0x080002db   Thumb Code    74  rt_memclr_w.o(.text)
    __use_two_region_memory                  0x08000325   Thumb Code     2  heapauxi.o(.text)
    __rt_heap_escrow$2region                 0x08000327   Thumb Code     2  heapauxi.o(.text)
    __rt_heap_expand$2region                 0x08000329   Thumb Code     2  heapauxi.o(.text)
    _printf_pre_padding                      0x0800032b   Thumb Code    44  _printf_pad.o(.text)
    _printf_post_padding                     0x08000357   Thumb Code    34  _printf_pad.o(.text)
    _printf_truncate_signed                  0x08000379   Thumb Code    18  _printf_truncate.o(.text)
    _printf_truncate_unsigned                0x0800038b   Thumb Code    18  _printf_truncate.o(.text)
    _printf_str                              0x0800039d   Thumb Code    82  _printf_str.o(.text)
    _printf_int_dec                          0x080003f1   Thumb Code   104  _printf_dec.o(.text)
    _printf_charcount                        0x08000469   Thumb Code    40  _printf_charcount.o(.text)
    _printf_char_common                      0x0800049b   Thumb Code    32  _printf_char_common.o(.text)
    _sputc                                   0x080004c1   Thumb Code    10  _sputc.o(.text)
    _printf_wctomb                           0x080004cd   Thumb Code   182  _printf_wctomb.o(.text)
    _printf_longlong_dec                     0x08000589   Thumb Code   108  _printf_longlong_dec.o(.text)
    _printf_longlong_oct                     0x08000605   Thumb Code    68  _printf_oct_int_ll.o(.text)
    _printf_int_oct                          0x08000649   Thumb Code    24  _printf_oct_int_ll.o(.text)
    _printf_ll_oct                           0x08000661   Thumb Code    12  _printf_oct_int_ll.o(.text)
    _printf_longlong_hex                     0x08000675   Thumb Code    86  _printf_hex_int_ll_ptr.o(.text)
    _printf_int_hex                          0x080006cb   Thumb Code    28  _printf_hex_int_ll_ptr.o(.text)
    _printf_ll_hex                           0x080006e7   Thumb Code    12  _printf_hex_int_ll_ptr.o(.text)
    _printf_hex_ptr                          0x080006f3   Thumb Code    18  _printf_hex_int_ll_ptr.o(.text)
    __printf                                 0x08000709   Thumb Code   388  __printf_flags_ss_wp.o(.text)
    _ll_udiv10                               0x08000891   Thumb Code   138  lludiv10.o(.text)
    _printf_int_common                       0x0800091b   Thumb Code   178  _printf_intcommon.o(.text)
    _printf_fp_dec_real                      0x08000b7d   Thumb Code   620  _printf_fp_dec.o(.text)
    _printf_fp_hex_real                      0x08000de9   Thumb Code   756  _printf_fp_hex.o(.text)
    _printf_cs_common                        0x080010e5   Thumb Code    20  _printf_char.o(.text)
    _printf_char                             0x080010f9   Thumb Code    16  _printf_char.o(.text)
    _printf_string                           0x08001109   Thumb Code     8  _printf_char.o(.text)
    _printf_lcs_common                       0x08001111   Thumb Code    20  _printf_wchar.o(.text)
    _printf_wchar                            0x08001125   Thumb Code    16  _printf_wchar.o(.text)
    _printf_wstring                          0x08001135   Thumb Code     8  _printf_wchar.o(.text)
    _c16rtomb                                0x0800113d   Thumb Code    72  _c16rtomb.o(.text)
    _wcrtomb                                 0x0800113d   Thumb Code     0  _c16rtomb.o(.text)
    __user_setup_stackheap                   0x08001185   Thumb Code    74  sys_stackheap_outer.o(.text)
    __rt_ctype_table                         0x080011d1   Thumb Code    16  rt_ctype_table.o(.text)
    __rt_locale                              0x080011e1   Thumb Code     8  rt_locale_intlibspace.o(.text)
    _printf_fp_infnan                        0x080011e9   Thumb Code   112  _printf_fp_infnan.o(.text)
    _btod_etento                             0x08001269   Thumb Code   224  bigflt0.o(.text)
    exit                                     0x0800134d   Thumb Code    18  exit.o(.text)
    __user_libspace                          0x08001361   Thumb Code     8  libspace.o(.text)
    __user_perproc_libspace                  0x08001361   Thumb Code     0  libspace.o(.text)
    __user_perthread_libspace                0x08001361   Thumb Code     0  libspace.o(.text)
    strcmp                                   0x08001369   Thumb Code   128  strcmpv7m.o(.text)
    _sys_exit                                0x080013e9   Thumb Code     8  sys_exit.o(.text)
    __I$use$semihosting                      0x080013f5   Thumb Code     0  use_no_semi.o(.text)
    __use_no_semihosting_swi                 0x080013f5   Thumb Code     2  use_no_semi.o(.text)
    __semihosting_library_function           0x080013f7   Thumb Code     0  indicate_semi.o(.text)
    BusFault_Handler                         0x080013f9   Thumb Code     2  stm32f1xx_it.o(.text.BusFault_Handler)
    DebugMon_Handler                         0x080013fd   Thumb Code     2  stm32f1xx_it.o(.text.DebugMon_Handler)
    HAL_DMA_Abort                            0x08001401   Thumb Code    70  stm32f1xx_hal_dma.o(.text.HAL_DMA_Abort)
    HAL_DMA_Abort_IT                         0x08001449   Thumb Code   178  stm32f1xx_hal_dma.o(.text.HAL_DMA_Abort_IT)
    HAL_Delay                                0x080014fd   Thumb Code    40  stm32f1xx_hal.o(.text.HAL_Delay)
    HAL_GPIO_Init                            0x08001525   Thumb Code   538  stm32f1xx_hal_gpio.o(.text.HAL_GPIO_Init)
    HAL_GPIO_WritePin                        0x08001741   Thumb Code    10  stm32f1xx_hal_gpio.o(.text.HAL_GPIO_WritePin)
    HAL_GetTick                              0x0800174d   Thumb Code    12  stm32f1xx_hal.o(.text.HAL_GetTick)
    HAL_IncTick                              0x08001759   Thumb Code    26  stm32f1xx_hal.o(.text.HAL_IncTick)
    HAL_Init                                 0x08001775   Thumb Code    38  stm32f1xx_hal.o(.text.HAL_Init)
    HAL_InitTick                             0x0800179d   Thumb Code    72  stm32f1xx_hal.o(.text.HAL_InitTick)
    HAL_MspInit                              0x080017e5   Thumb Code    66  stm32f1xx_hal_msp.o(.text.HAL_MspInit)
    HAL_NVIC_EnableIRQ                       0x08001829   Thumb Code    38  stm32f1xx_hal_cortex.o(.text.HAL_NVIC_EnableIRQ)
    HAL_NVIC_SetPriority                     0x08001851   Thumb Code    86  stm32f1xx_hal_cortex.o(.text.HAL_NVIC_SetPriority)
    HAL_NVIC_SetPriorityGrouping             0x080018a9   Thumb Code    32  stm32f1xx_hal_cortex.o(.text.HAL_NVIC_SetPriorityGrouping)
    HAL_RCC_ClockConfig                      0x080018c9   Thumb Code   446  stm32f1xx_hal_rcc.o(.text.HAL_RCC_ClockConfig)
    HAL_RCC_GetHCLKFreq                      0x08001a89   Thumb Code    12  stm32f1xx_hal_rcc.o(.text.HAL_RCC_GetHCLKFreq)
    HAL_RCC_GetPCLK1Freq                     0x08001a95   Thumb Code    38  stm32f1xx_hal_rcc.o(.text.HAL_RCC_GetPCLK1Freq)
    HAL_RCC_GetPCLK2Freq                     0x08001abd   Thumb Code    38  stm32f1xx_hal_rcc.o(.text.HAL_RCC_GetPCLK2Freq)
    HAL_RCC_OscConfig                        0x08001ae5   Thumb Code   948  stm32f1xx_hal_rcc.o(.text.HAL_RCC_OscConfig)
    HAL_SYSTICK_Config                       0x08001e99   Thumb Code    44  stm32f1xx_hal_cortex.o(.text.HAL_SYSTICK_Config)
    HAL_UARTEx_ReceiveToIdle_IT              0x08001ec5   Thumb Code   200  stm32f1xx_hal_uart.o(.text.HAL_UARTEx_ReceiveToIdle_IT)
    HAL_UARTEx_RxEventCallback               0x08001f8d   Thumb Code    98  main.o(.text.HAL_UARTEx_RxEventCallback)
    HAL_UART_ErrorCallback                   0x08001ff1   Thumb Code     2  stm32f1xx_hal_uart.o(.text.HAL_UART_ErrorCallback)
    HAL_UART_IRQHandler                      0x08001ff5   Thumb Code  1376  stm32f1xx_hal_uart.o(.text.HAL_UART_IRQHandler)
    HAL_UART_Init                            0x08002555   Thumb Code   226  stm32f1xx_hal_uart.o(.text.HAL_UART_Init)
    HAL_UART_MspInit                         0x08002639   Thumb Code   214  stm32f1xx_hal_msp.o(.text.HAL_UART_MspInit)
    HAL_UART_RxCpltCallback                  0x08002711   Thumb Code     2  stm32f1xx_hal_uart.o(.text.HAL_UART_RxCpltCallback)
    HAL_UART_Transmit                        0x08002715   Thumb Code   632  stm32f1xx_hal_uart.o(.text.HAL_UART_Transmit)
    HAL_UART_TxCpltCallback                  0x0800298d   Thumb Code     2  stm32f1xx_hal_uart.o(.text.HAL_UART_TxCpltCallback)
    HardFault_Handler                        0x08002991   Thumb Code     2  stm32f1xx_it.o(.text.HardFault_Handler)
    MemManage_Handler                        0x08002995   Thumb Code     2  stm32f1xx_it.o(.text.MemManage_Handler)
    NMI_Handler                              0x08002999   Thumb Code     2  stm32f1xx_it.o(.text.NMI_Handler)
    PendSV_Handler                           0x0800299d   Thumb Code     2  stm32f1xx_it.o(.text.PendSV_Handler)
    SVC_Handler                              0x080029a1   Thumb Code     2  stm32f1xx_it.o(.text.SVC_Handler)
    SysTick_Handler                          0x080029a5   Thumb Code     4  stm32f1xx_it.o(.text.SysTick_Handler)
    SystemInit                               0x080029a9   Thumb Code     2  system_stm32f1xx.o(.text.SystemInit)
    USART1_IRQHandler                        0x08002ab9   Thumb Code    12  stm32f1xx_it.o(.text.USART1_IRQHandler)
    USART2_IRQHandler                        0x08002ac5   Thumb Code    12  stm32f1xx_it.o(.text.USART2_IRQHandler)
    UsageFault_Handler                       0x08002ad1   Thumb Code     2  stm32f1xx_it.o(.text.UsageFault_Handler)
    lcd16x2_1stLine                          0x08002ad5   Thumb Code    30  lcd16x2.o(.text.lcd16x2_1stLine)
    lcd16x2_2ndLine                          0x08002af5   Thumb Code    30  lcd16x2.o(.text.lcd16x2_2ndLine)
    lcd16x2_clear                            0x08002b15   Thumb Code    36  lcd16x2.o(.text.lcd16x2_clear)
    lcd16x2_init_4bits                       0x08002be9   Thumb Code   422  lcd16x2.o(.text.lcd16x2_init_4bits)
    lcd16x2_printf                           0x08002d91   Thumb Code   536  lcd16x2.o(.text.lcd16x2_printf)
    main                                     0x0800305d   Thumb Code  1408  main.o(.text.main)
    _btod_d2e                                0x080035fd   Thumb Code    62  btod.o(CL$$btod_d2e)
    _d2e_denorm_low                          0x0800363b   Thumb Code    70  btod.o(CL$$btod_d2e_denorm_low)
    _d2e_norm_op1                            0x08003681   Thumb Code    96  btod.o(CL$$btod_d2e_norm_op1)
    __btod_div_common                        0x080036e1   Thumb Code   696  btod.o(CL$$btod_div_common)
    _e2e                                     0x08003a19   Thumb Code   220  btod.o(CL$$btod_e2e)
    _btod_ediv                               0x08003af5   Thumb Code    42  btod.o(CL$$btod_ediv)
    _btod_emul                               0x08003b1f   Thumb Code    42  btod.o(CL$$btod_emul)
    __btod_mult_common                       0x08003b49   Thumb Code   580  btod.o(CL$$btod_mult_common)
    __ARM_fpclassify                         0x08003d8d   Thumb Code    40  fpclassify.o(i.__ARM_fpclassify)
    _is_digit                                0x08003db5   Thumb Code    14  __printf_wp.o(i._is_digit)
    _get_lc_numeric                          0x08003dc5   Thumb Code    44  lc_numeric_c.o(locale$$code)
    _get_lc_ctype                            0x08003df1   Thumb Code    44  lc_ctype_c.o(locale$$code)
    _printf_fp_dec                           0x08003e1d   Thumb Code     4  printf1.o(x$fpl$printf1)
    _printf_fp_hex                           0x08003e21   Thumb Code     4  printf2.o(x$fpl$printf2)
    __I$use$fp                               0x08003e24   Number         0  usenofp.o(x$fpl$usenofp)
    AHBPrescTable                            0x08003f20   Data          16  system_stm32f1xx.o(.rodata.AHBPrescTable)
    APBPrescTable                            0x08003f30   Data           8  system_stm32f1xx.o(.rodata.APBPrescTable)
    Region$$Table$$Base                      0x08003f4c   Number         0  anon$$obj.o(Region$$Table)
    Region$$Table$$Limit                     0x08003f6c   Number         0  anon$$obj.o(Region$$Table)
    __ctype                                  0x08003f95   Data           0  lc_ctype_c.o(locale$$data)
    uwTickFreq                               0x20000000   Data           1  stm32f1xx_hal.o(.data..L_MergedGlobals)
    uwTickPrio                               0x20000004   Data           4  stm32f1xx_hal.o(.data..L_MergedGlobals)
    SystemCoreClock                          0x2000000c   Data           4  system_stm32f1xx.o(.data.SystemCoreClock)
    __libspace_start                         0x20000010   Data          96  libspace.o(.bss)
    __temporary_stack_top$libspace           0x20000070   Data           0  libspace.o(.bss)
    isReceiving                              0x20000070   Data           1  main.o(.bss..L_MergedGlobals)
    Rx1Count                                 0x20000072   Data           2  main.o(.bss..L_MergedGlobals)
    Rx2Count                                 0x20000074   Data           2  main.o(.bss..L_MergedGlobals)
    requestStartTime                         0x20000078   Data           4  main.o(.bss..L_MergedGlobals)
    huart1                                   0x2000007c   Data          72  main.o(.bss..L_MergedGlobals)
    Rx1Buffer                                0x200000e8   Data         256  main.o(.bss.Rx1Buffer)
    Rx2Buffer                                0x200001e8   Data         256  main.o(.bss.Rx2Buffer)
    huart2                                   0x200002e8   Data          72  main.o(.bss.huart2)
    uwTick                                   0x20000330   Data           4  stm32f1xx_hal.o(.bss.uwTick)



==============================================================================

Memory Map of the image

  Image Entry point : 0x080000ed

  Load Region LR_IROM1 (Base: 0x08000000, Size: 0x000040a8, Max: 0x00010000, ABSOLUTE)

    Execution Region ER_IROM1 (Exec base: 0x08000000, Load base: 0x08000000, Size: 0x00004098, Max: 0x00010000, ABSOLUTE)

    Exec Addr    Load Addr    Size         Type   Attr      Idx    E Section Name        Object

    0x08000000   0x08000000   0x000000ec   Data   RO            3    RESET               startup_stm32f103xb.o
    0x080000ec   0x080000ec   0x00000008   Code   RO          615  * !!!main             c_w.l(__main.o)
    0x080000f4   0x080000f4   0x00000034   Code   RO          952    !!!scatter          c_w.l(__scatter.o)
    0x08000128   0x08000128   0x0000001a   Code   RO          954    !!handler_copy      c_w.l(__scatter_copy.o)
    0x08000142   0x08000142   0x00000002   PAD
    0x08000144   0x08000144   0x0000001c   Code   RO          956    !!handler_zi        c_w.l(__scatter_zi.o)
    0x08000160   0x08000160   0x00000000   Code   RO          699    .ARM.Collect$$_printf_percent$$00000000  c_w.l(_printf_percent.o)
    0x08000160   0x08000160   0x00000006   Code   RO          688    .ARM.Collect$$_printf_percent$$00000001  c_w.l(_printf_n.o)
    0x08000166   0x08000166   0x00000006   Code   RO          690    .ARM.Collect$$_printf_percent$$00000002  c_w.l(_printf_p.o)
    0x0800016c   0x0800016c   0x00000006   Code   RO          695    .ARM.Collect$$_printf_percent$$00000003  c_w.l(_printf_f.o)
    0x08000172   0x08000172   0x00000006   Code   RO          696    .ARM.Collect$$_printf_percent$$00000004  c_w.l(_printf_e.o)
    0x08000178   0x08000178   0x00000006   Code   RO          697    .ARM.Collect$$_printf_percent$$00000005  c_w.l(_printf_g.o)
    0x0800017e   0x0800017e   0x00000006   Code   RO          698    .ARM.Collect$$_printf_percent$$00000006  c_w.l(_printf_a.o)
    0x08000184   0x08000184   0x0000000a   Code   RO          703    .ARM.Collect$$_printf_percent$$00000007  c_w.l(_printf_ll.o)
    0x0800018e   0x0800018e   0x00000006   Code   RO          692    .ARM.Collect$$_printf_percent$$00000008  c_w.l(_printf_i.o)
    0x08000194   0x08000194   0x00000006   Code   RO          693    .ARM.Collect$$_printf_percent$$00000009  c_w.l(_printf_d.o)
    0x0800019a   0x0800019a   0x00000006   Code   RO          694    .ARM.Collect$$_printf_percent$$0000000A  c_w.l(_printf_u.o)
    0x080001a0   0x080001a0   0x00000006   Code   RO          691    .ARM.Collect$$_printf_percent$$0000000B  c_w.l(_printf_o.o)
    0x080001a6   0x080001a6   0x00000006   Code   RO          689    .ARM.Collect$$_printf_percent$$0000000C  c_w.l(_printf_x.o)
    0x080001ac   0x080001ac   0x00000006   Code   RO          700    .ARM.Collect$$_printf_percent$$0000000D  c_w.l(_printf_lli.o)
    0x080001b2   0x080001b2   0x00000006   Code   RO          701    .ARM.Collect$$_printf_percent$$0000000E  c_w.l(_printf_lld.o)
    0x080001b8   0x080001b8   0x00000006   Code   RO          702    .ARM.Collect$$_printf_percent$$0000000F  c_w.l(_printf_llu.o)
    0x080001be   0x080001be   0x00000006   Code   RO          707    .ARM.Collect$$_printf_percent$$00000010  c_w.l(_printf_llo.o)
    0x080001c4   0x080001c4   0x00000006   Code   RO          708    .ARM.Collect$$_printf_percent$$00000011  c_w.l(_printf_llx.o)
    0x080001ca   0x080001ca   0x0000000a   Code   RO          704    .ARM.Collect$$_printf_percent$$00000012  c_w.l(_printf_l.o)
    0x080001d4   0x080001d4   0x00000006   Code   RO          686    .ARM.Collect$$_printf_percent$$00000013  c_w.l(_printf_c.o)
    0x080001da   0x080001da   0x00000006   Code   RO          687    .ARM.Collect$$_printf_percent$$00000014  c_w.l(_printf_s.o)
    0x080001e0   0x080001e0   0x00000006   Code   RO          705    .ARM.Collect$$_printf_percent$$00000015  c_w.l(_printf_lc.o)
    0x080001e6   0x080001e6   0x00000006   Code   RO          706    .ARM.Collect$$_printf_percent$$00000016  c_w.l(_printf_ls.o)
    0x080001ec   0x080001ec   0x00000004   Code   RO          749    .ARM.Collect$$_printf_percent$$00000017  c_w.l(_printf_percent_end.o)
    0x080001f0   0x080001f0   0x00000002   Code   RO          800    .ARM.Collect$$libinit$$00000000  c_w.l(libinit.o)
    0x080001f2   0x080001f2   0x00000000   Code   RO          819    .ARM.Collect$$libinit$$00000002  c_w.l(libinit2.o)
    0x080001f2   0x080001f2   0x00000000   Code   RO          821    .ARM.Collect$$libinit$$00000004  c_w.l(libinit2.o)
    0x080001f2   0x080001f2   0x00000000   Code   RO          823    .ARM.Collect$$libinit$$00000006  c_w.l(libinit2.o)
    0x080001f2   0x080001f2   0x00000000   Code   RO          826    .ARM.Collect$$libinit$$0000000C  c_w.l(libinit2.o)
    0x080001f2   0x080001f2   0x00000000   Code   RO          828    .ARM.Collect$$libinit$$0000000E  c_w.l(libinit2.o)
    0x080001f2   0x080001f2   0x00000000   Code   RO          830    .ARM.Collect$$libinit$$00000010  c_w.l(libinit2.o)
    0x080001f2   0x080001f2   0x00000006   Code   RO          831    .ARM.Collect$$libinit$$00000011  c_w.l(libinit2.o)
    0x080001f8   0x080001f8   0x00000000   Code   RO          833    .ARM.Collect$$libinit$$00000013  c_w.l(libinit2.o)
    0x080001f8   0x080001f8   0x0000000c   Code   RO          834    .ARM.Collect$$libinit$$00000014  c_w.l(libinit2.o)
    0x08000204   0x08000204   0x00000000   Code   RO          835    .ARM.Collect$$libinit$$00000015  c_w.l(libinit2.o)
    0x08000204   0x08000204   0x00000000   Code   RO          837    .ARM.Collect$$libinit$$00000017  c_w.l(libinit2.o)
    0x08000204   0x08000204   0x0000000a   Code   RO          838    .ARM.Collect$$libinit$$00000018  c_w.l(libinit2.o)
    0x0800020e   0x0800020e   0x00000000   Code   RO          839    .ARM.Collect$$libinit$$00000019  c_w.l(libinit2.o)
    0x0800020e   0x0800020e   0x00000000   Code   RO          841    .ARM.Collect$$libinit$$0000001B  c_w.l(libinit2.o)
    0x0800020e   0x0800020e   0x00000000   Code   RO          843    .ARM.Collect$$libinit$$0000001D  c_w.l(libinit2.o)
    0x0800020e   0x0800020e   0x00000000   Code   RO          845    .ARM.Collect$$libinit$$0000001F  c_w.l(libinit2.o)
    0x0800020e   0x0800020e   0x00000000   Code   RO          847    .ARM.Collect$$libinit$$00000021  c_w.l(libinit2.o)
    0x0800020e   0x0800020e   0x00000000   Code   RO          849    .ARM.Collect$$libinit$$00000023  c_w.l(libinit2.o)
    0x0800020e   0x0800020e   0x00000000   Code   RO          851    .ARM.Collect$$libinit$$00000025  c_w.l(libinit2.o)
    0x0800020e   0x0800020e   0x00000000   Code   RO          853    .ARM.Collect$$libinit$$00000027  c_w.l(libinit2.o)
    0x0800020e   0x0800020e   0x00000000   Code   RO          857    .ARM.Collect$$libinit$$0000002E  c_w.l(libinit2.o)
    0x0800020e   0x0800020e   0x00000000   Code   RO          859    .ARM.Collect$$libinit$$00000030  c_w.l(libinit2.o)
    0x0800020e   0x0800020e   0x00000000   Code   RO          861    .ARM.Collect$$libinit$$00000032  c_w.l(libinit2.o)
    0x0800020e   0x0800020e   0x00000000   Code   RO          863    .ARM.Collect$$libinit$$00000034  c_w.l(libinit2.o)
    0x0800020e   0x0800020e   0x00000002   Code   RO          864    .ARM.Collect$$libinit$$00000035  c_w.l(libinit2.o)
    0x08000210   0x08000210   0x00000002   Code   RO          888    .ARM.Collect$$libshutdown$$00000000  c_w.l(libshutdown.o)
    0x08000212   0x08000212   0x00000000   Code   RO          903    .ARM.Collect$$libshutdown$$00000002  c_w.l(libshutdown2.o)
    0x08000212   0x08000212   0x00000000   Code   RO          905    .ARM.Collect$$libshutdown$$00000004  c_w.l(libshutdown2.o)
    0x08000212   0x08000212   0x00000000   Code   RO          908    .ARM.Collect$$libshutdown$$00000007  c_w.l(libshutdown2.o)
    0x08000212   0x08000212   0x00000000   Code   RO          911    .ARM.Collect$$libshutdown$$0000000A  c_w.l(libshutdown2.o)
    0x08000212   0x08000212   0x00000000   Code   RO          913    .ARM.Collect$$libshutdown$$0000000C  c_w.l(libshutdown2.o)
    0x08000212   0x08000212   0x00000000   Code   RO          916    .ARM.Collect$$libshutdown$$0000000F  c_w.l(libshutdown2.o)
    0x08000212   0x08000212   0x00000002   Code   RO          917    .ARM.Collect$$libshutdown$$00000010  c_w.l(libshutdown2.o)
    0x08000214   0x08000214   0x00000000   Code   RO          617    .ARM.Collect$$rtentry$$00000000  c_w.l(__rtentry.o)
    0x08000214   0x08000214   0x00000000   Code   RO          718    .ARM.Collect$$rtentry$$00000002  c_w.l(__rtentry2.o)
    0x08000214   0x08000214   0x00000006   Code   RO          730    .ARM.Collect$$rtentry$$00000004  c_w.l(__rtentry4.o)
    0x0800021a   0x0800021a   0x00000000   Code   RO          720    .ARM.Collect$$rtentry$$00000009  c_w.l(__rtentry2.o)
    0x0800021a   0x0800021a   0x00000004   Code   RO          721    .ARM.Collect$$rtentry$$0000000A  c_w.l(__rtentry2.o)
    0x0800021e   0x0800021e   0x00000000   Code   RO          723    .ARM.Collect$$rtentry$$0000000C  c_w.l(__rtentry2.o)
    0x0800021e   0x0800021e   0x00000008   Code   RO          724    .ARM.Collect$$rtentry$$0000000D  c_w.l(__rtentry2.o)
    0x08000226   0x08000226   0x00000002   Code   RO          809    .ARM.Collect$$rtexit$$00000000  c_w.l(rtexit.o)
    0x08000228   0x08000228   0x00000000   Code   RO          866    .ARM.Collect$$rtexit$$00000002  c_w.l(rtexit2.o)
    0x08000228   0x08000228   0x00000004   Code   RO          867    .ARM.Collect$$rtexit$$00000003  c_w.l(rtexit2.o)
    0x0800022c   0x0800022c   0x00000006   Code   RO          868    .ARM.Collect$$rtexit$$00000004  c_w.l(rtexit2.o)
    0x08000232   0x08000232   0x00000002   PAD
    0x08000234   0x08000234   0x00000040   Code   RO            4    .text               startup_stm32f103xb.o
    0x08000274   0x08000274   0x00000024   Code   RO          607    .text               c_w.l(vsprintf.o)
    0x08000298   0x08000298   0x0000003e   Code   RO          609    .text               c_w.l(strlen.o)
    0x080002d6   0x080002d6   0x0000004e   Code   RO          611    .text               c_w.l(rt_memclr_w.o)
    0x08000324   0x08000324   0x00000006   Code   RO          613    .text               c_w.l(heapauxi.o)
    0x0800032a   0x0800032a   0x0000004e   Code   RO          620    .text               c_w.l(_printf_pad.o)
    0x08000378   0x08000378   0x00000024   Code   RO          622    .text               c_w.l(_printf_truncate.o)
    0x0800039c   0x0800039c   0x00000052   Code   RO          624    .text               c_w.l(_printf_str.o)
    0x080003ee   0x080003ee   0x00000002   PAD
    0x080003f0   0x080003f0   0x00000078   Code   RO          626    .text               c_w.l(_printf_dec.o)
    0x08000468   0x08000468   0x00000028   Code   RO          628    .text               c_w.l(_printf_charcount.o)
    0x08000490   0x08000490   0x00000030   Code   RO          630    .text               c_w.l(_printf_char_common.o)
    0x080004c0   0x080004c0   0x0000000a   Code   RO          632    .text               c_w.l(_sputc.o)
    0x080004ca   0x080004ca   0x00000002   PAD
    0x080004cc   0x080004cc   0x000000bc   Code   RO          634    .text               c_w.l(_printf_wctomb.o)
    0x08000588   0x08000588   0x0000007c   Code   RO          637    .text               c_w.l(_printf_longlong_dec.o)
    0x08000604   0x08000604   0x00000070   Code   RO          643    .text               c_w.l(_printf_oct_int_ll.o)
    0x08000674   0x08000674   0x00000094   Code   RO          663    .text               c_w.l(_printf_hex_int_ll_ptr.o)
    0x08000708   0x08000708   0x00000188   Code   RO          683    .text               c_w.l(__printf_flags_ss_wp.o)
    0x08000890   0x08000890   0x0000008a   Code   RO          732    .text               c_w.l(lludiv10.o)
    0x0800091a   0x0800091a   0x000000b2   Code   RO          734    .text               c_w.l(_printf_intcommon.o)
    0x080009cc   0x080009cc   0x0000041c   Code   RO          736    .text               c_w.l(_printf_fp_dec.o)
    0x08000de8   0x08000de8   0x000002fc   Code   RO          740    .text               c_w.l(_printf_fp_hex.o)
    0x080010e4   0x080010e4   0x0000002c   Code   RO          745    .text               c_w.l(_printf_char.o)
    0x08001110   0x08001110   0x0000002c   Code   RO          747    .text               c_w.l(_printf_wchar.o)
    0x0800113c   0x0800113c   0x00000048   Code   RO          750    .text               c_w.l(_c16rtomb.o)
    0x08001184   0x08001184   0x0000004a   Code   RO          752    .text               c_w.l(sys_stackheap_outer.o)
    0x080011ce   0x080011ce   0x00000002   PAD
    0x080011d0   0x080011d0   0x00000010   Code   RO          754    .text               c_w.l(rt_ctype_table.o)
    0x080011e0   0x080011e0   0x00000008   Code   RO          759    .text               c_w.l(rt_locale_intlibspace.o)
    0x080011e8   0x080011e8   0x00000080   Code   RO          761    .text               c_w.l(_printf_fp_infnan.o)
    0x08001268   0x08001268   0x000000e4   Code   RO          763    .text               c_w.l(bigflt0.o)
    0x0800134c   0x0800134c   0x00000012   Code   RO          793    .text               c_w.l(exit.o)
    0x0800135e   0x0800135e   0x00000002   PAD
    0x08001360   0x08001360   0x00000008   Code   RO          806    .text               c_w.l(libspace.o)
    0x08001368   0x08001368   0x00000080   Code   RO          816    .text               c_w.l(strcmpv7m.o)
    0x080013e8   0x080013e8   0x0000000c   Code   RO          878    .text               c_w.l(sys_exit.o)
    0x080013f4   0x080013f4   0x00000002   Code   RO          893    .text               c_w.l(use_no_semi.o)
    0x080013f6   0x080013f6   0x00000000   Code   RO          895    .text               c_w.l(indicate_semi.o)
    0x080013f6   0x080013f6   0x00000002   PAD
    0x080013f8   0x080013f8   0x00000002   Code   RO           44    .text.BusFault_Handler  stm32f1xx_it.o
    0x080013fa   0x080013fa   0x00000002   PAD
    0x080013fc   0x080013fc   0x00000002   Code   RO           50    .text.DebugMon_Handler  stm32f1xx_it.o
    0x080013fe   0x080013fe   0x00000002   PAD
    0x08001400   0x08001400   0x00000046   Code   RO          402    .text.HAL_DMA_Abort  stm32f1xx_hal_dma.o
    0x08001446   0x08001446   0x00000002   PAD
    0x08001448   0x08001448   0x000000b2   Code   RO          404    .text.HAL_DMA_Abort_IT  stm32f1xx_hal_dma.o
    0x080014fa   0x080014fa   0x00000002   PAD
    0x080014fc   0x080014fc   0x00000028   Code   RO          278    .text.HAL_Delay     stm32f1xx_hal.o
    0x08001524   0x08001524   0x0000021a   Code   RO          370    .text.HAL_GPIO_Init  stm32f1xx_hal_gpio.o
    0x0800173e   0x0800173e   0x00000002   PAD
    0x08001740   0x08001740   0x0000000a   Code   RO          376    .text.HAL_GPIO_WritePin  stm32f1xx_hal_gpio.o
    0x0800174a   0x0800174a   0x00000002   PAD
    0x0800174c   0x0800174c   0x0000000c   Code   RO          270    .text.HAL_GetTick   stm32f1xx_hal.o
    0x08001758   0x08001758   0x0000001a   Code   RO          268    .text.HAL_IncTick   stm32f1xx_hal.o
    0x08001772   0x08001772   0x00000002   PAD
    0x08001774   0x08001774   0x00000026   Code   RO          258    .text.HAL_Init      stm32f1xx_hal.o
    0x0800179a   0x0800179a   0x00000002   PAD
    0x0800179c   0x0800179c   0x00000048   Code   RO          260    .text.HAL_InitTick  stm32f1xx_hal.o
    0x080017e4   0x080017e4   0x00000042   Code   RO           67    .text.HAL_MspInit   stm32f1xx_hal_msp.o
    0x08001826   0x08001826   0x00000002   PAD
    0x08001828   0x08001828   0x00000026   Code   RO          430    .text.HAL_NVIC_EnableIRQ  stm32f1xx_hal_cortex.o
    0x0800184e   0x0800184e   0x00000002   PAD
    0x08001850   0x08001850   0x00000056   Code   RO          428    .text.HAL_NVIC_SetPriority  stm32f1xx_hal_cortex.o
    0x080018a6   0x080018a6   0x00000002   PAD
    0x080018a8   0x080018a8   0x00000020   Code   RO          426    .text.HAL_NVIC_SetPriorityGrouping  stm32f1xx_hal_cortex.o
    0x080018c8   0x080018c8   0x000001be   Code   RO          322    .text.HAL_RCC_ClockConfig  stm32f1xx_hal_rcc.o
    0x08001a86   0x08001a86   0x00000002   PAD
    0x08001a88   0x08001a88   0x0000000c   Code   RO          332    .text.HAL_RCC_GetHCLKFreq  stm32f1xx_hal_rcc.o
    0x08001a94   0x08001a94   0x00000026   Code   RO          334    .text.HAL_RCC_GetPCLK1Freq  stm32f1xx_hal_rcc.o
    0x08001aba   0x08001aba   0x00000002   PAD
    0x08001abc   0x08001abc   0x00000026   Code   RO          336    .text.HAL_RCC_GetPCLK2Freq  stm32f1xx_hal_rcc.o
    0x08001ae2   0x08001ae2   0x00000002   PAD
    0x08001ae4   0x08001ae4   0x000003b4   Code   RO          320    .text.HAL_RCC_OscConfig  stm32f1xx_hal_rcc.o
    0x08001e98   0x08001e98   0x0000002c   Code   RO          438    .text.HAL_SYSTICK_Config  stm32f1xx_hal_cortex.o
    0x08001ec4   0x08001ec4   0x000000c8   Code   RO          182    .text.HAL_UARTEx_ReceiveToIdle_IT  stm32f1xx_hal_uart.o
    0x08001f8c   0x08001f8c   0x00000062   Code   RO           17    .text.HAL_UARTEx_RxEventCallback  main.o
    0x08001fee   0x08001fee   0x00000002   PAD
    0x08001ff0   0x08001ff0   0x00000002   Code   RO          220    .text.HAL_UART_ErrorCallback  stm32f1xx_hal_uart.o
    0x08001ff2   0x08001ff2   0x00000002   PAD
    0x08001ff4   0x08001ff4   0x00000560   Code   RO          214    .text.HAL_UART_IRQHandler  stm32f1xx_hal_uart.o
    0x08002554   0x08002554   0x000000e2   Code   RO          138    .text.HAL_UART_Init  stm32f1xx_hal_uart.o
    0x08002636   0x08002636   0x00000002   PAD
    0x08002638   0x08002638   0x000000d6   Code   RO           69    .text.HAL_UART_MspInit  stm32f1xx_hal_msp.o
    0x0800270e   0x0800270e   0x00000002   PAD
    0x08002710   0x08002710   0x00000002   Code   RO          228    .text.HAL_UART_RxCpltCallback  stm32f1xx_hal_uart.o
    0x08002712   0x08002712   0x00000002   PAD
    0x08002714   0x08002714   0x00000278   Code   RO          152    .text.HAL_UART_Transmit  stm32f1xx_hal_uart.o
    0x0800298c   0x0800298c   0x00000002   Code   RO          224    .text.HAL_UART_TxCpltCallback  stm32f1xx_hal_uart.o
    0x0800298e   0x0800298e   0x00000002   PAD
    0x08002990   0x08002990   0x00000002   Code   RO           40    .text.HardFault_Handler  stm32f1xx_it.o
    0x08002992   0x08002992   0x00000002   PAD
    0x08002994   0x08002994   0x00000002   Code   RO           42    .text.MemManage_Handler  stm32f1xx_it.o
    0x08002996   0x08002996   0x00000002   PAD
    0x08002998   0x08002998   0x00000002   Code   RO           38    .text.NMI_Handler   stm32f1xx_it.o
    0x0800299a   0x0800299a   0x00000002   PAD
    0x0800299c   0x0800299c   0x00000002   Code   RO           52    .text.PendSV_Handler  stm32f1xx_it.o
    0x0800299e   0x0800299e   0x00000002   PAD
    0x080029a0   0x080029a0   0x00000002   Code   RO           48    .text.SVC_Handler   stm32f1xx_it.o
    0x080029a2   0x080029a2   0x00000002   PAD
    0x080029a4   0x080029a4   0x00000004   Code   RO           54    .text.SysTick_Handler  stm32f1xx_it.o
    0x080029a8   0x080029a8   0x00000002   Code   RO          591    .text.SystemInit    system_stm32f1xx.o
    0x080029aa   0x080029aa   0x00000002   PAD
    0x080029ac   0x080029ac   0x0000000c   Code   RO          218    .text.UART_DMAAbortOnError  stm32f1xx_hal_uart.o
    0x080029b8   0x080029b8   0x000000fe   Code   RO          216    .text.UART_Receive_IT  stm32f1xx_hal_uart.o
    0x08002ab6   0x08002ab6   0x00000002   PAD
    0x08002ab8   0x08002ab8   0x0000000c   Code   RO           56    .text.USART1_IRQHandler  stm32f1xx_it.o
    0x08002ac4   0x08002ac4   0x0000000c   Code   RO           58    .text.USART2_IRQHandler  stm32f1xx_it.o
    0x08002ad0   0x08002ad0   0x00000002   Code   RO           46    .text.UsageFault_Handler  stm32f1xx_it.o
    0x08002ad2   0x08002ad2   0x00000002   PAD
    0x08002ad4   0x08002ad4   0x0000001e   Code   RO           87    .text.lcd16x2_1stLine  lcd16x2.o
    0x08002af2   0x08002af2   0x00000002   PAD
    0x08002af4   0x08002af4   0x0000001e   Code   RO           89    .text.lcd16x2_2ndLine  lcd16x2.o
    0x08002b12   0x08002b12   0x00000002   PAD
    0x08002b14   0x08002b14   0x00000024   Code   RO           97    .text.lcd16x2_clear  lcd16x2.o
    0x08002b38   0x08002b38   0x000000b0   Code   RO          109    .text.lcd16x2_enablePulse  lcd16x2.o
    0x08002be8   0x08002be8   0x000001a6   Code   RO           83    .text.lcd16x2_init_4bits  lcd16x2.o
    0x08002d8e   0x08002d8e   0x00000002   PAD
    0x08002d90   0x08002d90   0x00000218   Code   RO          105    .text.lcd16x2_printf  lcd16x2.o
    0x08002fa8   0x08002fa8   0x000000b4   Code   RO          107    .text.lcd16x2_write  lcd16x2.o
    0x0800305c   0x0800305c   0x000005a0   Code   RO           19    .text.main          main.o
    0x080035fc   0x080035fc   0x0000003e   Code   RO          766    CL$$btod_d2e        c_w.l(btod.o)
    0x0800363a   0x0800363a   0x00000046   Code   RO          768    CL$$btod_d2e_denorm_low  c_w.l(btod.o)
    0x08003680   0x08003680   0x00000060   Code   RO          767    CL$$btod_d2e_norm_op1  c_w.l(btod.o)
    0x080036e0   0x080036e0   0x00000338   Code   RO          776    CL$$btod_div_common  c_w.l(btod.o)
    0x08003a18   0x08003a18   0x000000dc   Code   RO          773    CL$$btod_e2e        c_w.l(btod.o)
    0x08003af4   0x08003af4   0x0000002a   Code   RO          770    CL$$btod_ediv       c_w.l(btod.o)
    0x08003b1e   0x08003b1e   0x0000002a   Code   RO          769    CL$$btod_emul       c_w.l(btod.o)
    0x08003b48   0x08003b48   0x00000244   Code   RO          775    CL$$btod_mult_common  c_w.l(btod.o)
    0x08003d8c   0x08003d8c   0x00000028   Code   RO          804    i.__ARM_fpclassify  m_ws.l(fpclassify.o)
    0x08003db4   0x08003db4   0x0000000e   Code   RO          676    i._is_digit         c_w.l(__printf_wp.o)
    0x08003dc2   0x08003dc2   0x00000002   PAD
    0x08003dc4   0x08003dc4   0x0000002c   Code   RO          791    locale$$code        c_w.l(lc_numeric_c.o)
    0x08003df0   0x08003df0   0x0000002c   Code   RO          814    locale$$code        c_w.l(lc_ctype_c.o)
    0x08003e1c   0x08003e1c   0x00000004   Code   RO          709    x$fpl$printf1       fz_ws.l(printf1.o)
    0x08003e20   0x08003e20   0x00000004   Code   RO          711    x$fpl$printf2       fz_ws.l(printf2.o)
    0x08003e24   0x08003e24   0x00000000   Code   RO          803    x$fpl$usenofp       fz_ws.l(usenofp.o)
    0x08003e24   0x08003e24   0x00000008   Data   RO          635    .constdata          c_w.l(_printf_wctomb.o)
    0x08003e2c   0x08003e2c   0x00000028   Data   RO          664    .constdata          c_w.l(_printf_hex_int_ll_ptr.o)
    0x08003e54   0x08003e54   0x00000011   Data   RO          684    .constdata          c_w.l(__printf_flags_ss_wp.o)
    0x08003e65   0x08003e65   0x00000026   Data   RO          741    .constdata          c_w.l(_printf_fp_hex.o)
    0x08003e8b   0x08003e8b   0x00000001   PAD
    0x08003e8c   0x08003e8c   0x00000094   Data   RO          764    .constdata          c_w.l(bigflt0.o)
    0x08003f20   0x08003f20   0x00000010   Data   RO          596    .rodata.AHBPrescTable  system_stm32f1xx.o
    0x08003f30   0x08003f30   0x00000008   Data   RO          597    .rodata.APBPrescTable  system_stm32f1xx.o
    0x08003f38   0x08003f38   0x00000002   Data   RO          347    .rodata.HAL_RCC_GetSysClockFreq.aPredivFactorTable  stm32f1xx_hal_rcc.o
    0x08003f3a   0x08003f3a   0x00000010   Data   RO          346    .rodata.cst16       stm32f1xx_hal_rcc.o
    0x08003f4a   0x08003f4a   0x00000002   PAD
    0x08003f4c   0x08003f4c   0x00000020   Data   RO          951    Region$$Table       anon$$obj.o
    0x08003f6c   0x08003f6c   0x0000001c   Data   RO          790    locale$$data        c_w.l(lc_numeric_c.o)
    0x08003f88   0x08003f88   0x00000110   Data   RO          813    locale$$data        c_w.l(lc_ctype_c.o)


    Execution Region RW_IRAM1 (Exec base: 0x20000000, Load base: 0x08004098, Size: 0x00000938, Max: 0x00005000, ABSOLUTE)

    Exec Addr    Load Addr    Size         Type   Attr      Idx    E Section Name        Object

    0x20000000   0x08004098   0x00000008   Data   RW          309    .data..L_MergedGlobals  stm32f1xx_hal.o
    0x20000008   0x080040a0   0x00000001   Data   RW          111    .data.FunctionSet   lcd16x2.o
    0x20000009   0x080040a1   0x00000003   PAD
    0x2000000c   0x080040a4   0x00000004   Data   RW          595    .data.SystemCoreClock  system_stm32f1xx.o
    0x20000010        -       0x00000060   Zero   RW          807    .bss                c_w.l(libspace.o)
    0x20000070        -       0x00000054   Zero   RW           29    .bss..L_MergedGlobals  main.o
    0x200000c4        -       0x00000024   Zero   RW          113    .bss..L_MergedGlobals  lcd16x2.o
    0x200000e8        -       0x00000100   Zero   RW           25    .bss.Rx1Buffer      main.o
    0x200001e8        -       0x00000100   Zero   RW           26    .bss.Rx2Buffer      main.o
    0x200002e8        -       0x00000048   Zero   RW           27    .bss.huart2         main.o
    0x20000330        -       0x00000004   Zero   RW          308    .bss.uwTick         stm32f1xx_hal.o
    0x20000334   0x080040a8   0x00000004   PAD
    0x20000338        -       0x00000200   Zero   RW            2    HEAP                startup_stm32f103xb.o
    0x20000538        -       0x00000400   Zero   RW            1    STACK               startup_stm32f103xb.o


==============================================================================

Image component sizes


      Code (inc. data)   RO Data    RW Data    ZI Data      Debug   Object Name

      1410          0          0          1         36      10095   lcd16x2.o
      1538         32          0          0        668      11179   main.o
        64         26        236          0       1536        836   startup_stm32f103xb.o
       188          0          0          8          4       5785   stm32f1xx_hal.o
       200          0          0          0          0       8543   stm32f1xx_hal_cortex.o
       248          0          0          0          0       8482   stm32f1xx_hal_dma.o
       548         22          0          0          0       4613   stm32f1xx_hal_gpio.o
       280          0          0          0          0       5642   stm32f1xx_hal_msp.o
      1482          0         18          0          0       7715   stm32f1xx_hal_rcc.o
      2706          0          0          0          0      32374   stm32f1xx_hal_uart.o
        44          0          0          0          0       3977   stm32f1xx_it.o
         2          0         24          4          0       1665   system_stm32f1xx.o

    ----------------------------------------------------------------------
      8772         80        312         16       2248     100906   Object Totals
         0          0         32          0          0          0   (incl. Generated)
        62          0          2          3          4          0   (incl. Padding)

    ----------------------------------------------------------------------

      Code (inc. data)   RO Data    RW Data    ZI Data      Debug   Library Member Name

         8          0          0          0          0         68   __main.o
       392          4         17          0          0         92   __printf_flags_ss_wp.o
        14          0          0          0          0         68   __printf_wp.o
         0          0          0          0          0          0   __rtentry.o
        12          0          0          0          0          0   __rtentry2.o
         6          0          0          0          0          0   __rtentry4.o
        52          8          0          0          0          0   __scatter.o
        26          0          0          0          0          0   __scatter_copy.o
        28          0          0          0          0          0   __scatter_zi.o
        72          0          0          0          0         96   _c16rtomb.o
         6          0          0          0          0          0   _printf_a.o
         6          0          0          0          0          0   _printf_c.o
        44          0          0          0          0        108   _printf_char.o
        48          6          0          0          0         96   _printf_char_common.o
        40          0          0          0          0         68   _printf_charcount.o
         6          0          0          0          0          0   _printf_d.o
       120         16          0          0          0         92   _printf_dec.o
         6          0          0          0          0          0   _printf_e.o
         6          0          0          0          0          0   _printf_f.o
      1052          0          0          0          0        148   _printf_fp_dec.o
       764          8         38          0          0        100   _printf_fp_hex.o
       128         16          0          0          0         84   _printf_fp_infnan.o
         6          0          0          0          0          0   _printf_g.o
       148          4         40          0          0        160   _printf_hex_int_ll_ptr.o
         6          0          0          0          0          0   _printf_i.o
       178          0          0          0          0         88   _printf_intcommon.o
        10          0          0          0          0          0   _printf_l.o
         6          0          0          0          0          0   _printf_lc.o
        10          0          0          0          0          0   _printf_ll.o
         6          0          0          0          0          0   _printf_lld.o
         6          0          0          0          0          0   _printf_lli.o
         6          0          0          0          0          0   _printf_llo.o
         6          0          0          0          0          0   _printf_llu.o
         6          0          0          0          0          0   _printf_llx.o
       124         16          0          0          0         92   _printf_longlong_dec.o
         6          0          0          0          0          0   _printf_ls.o
         6          0          0          0          0          0   _printf_n.o
         6          0          0          0          0          0   _printf_o.o
       112          8          0          0          0        124   _printf_oct_int_ll.o
         6          0          0          0          0          0   _printf_p.o
        78          0          0          0          0        108   _printf_pad.o
         0          0          0          0          0          0   _printf_percent.o
         4          0          0          0          0          0   _printf_percent_end.o
         6          0          0          0          0          0   _printf_s.o
        82          0          0          0          0         80   _printf_str.o
        36          0          0          0          0         84   _printf_truncate.o
         6          0          0          0          0          0   _printf_u.o
        44          0          0          0          0        108   _printf_wchar.o
       188          6          8          0          0         92   _printf_wctomb.o
         6          0          0          0          0          0   _printf_x.o
        10          0          0          0          0         68   _sputc.o
       228          4        148          0          0         96   bigflt0.o
      1936        128          0          0          0        668   btod.o
        18          0          0          0          0         80   exit.o
         6          0          0          0          0        152   heapauxi.o
         0          0          0          0          0          0   indicate_semi.o
        44         10        272          0          0         76   lc_ctype_c.o
        44         10         28          0          0         76   lc_numeric_c.o
         2          0          0          0          0          0   libinit.o
        30          0          0          0          0          0   libinit2.o
         2          0          0          0          0          0   libshutdown.o
         2          0          0          0          0          0   libshutdown2.o
         8          4          0          0         96         68   libspace.o
       138          0          0          0          0         80   lludiv10.o
        16          4          0          0          0         76   rt_ctype_table.o
         8          4          0          0          0         68   rt_locale_intlibspace.o
        78          0          0          0          0         80   rt_memclr_w.o
         2          0          0          0          0          0   rtexit.o
        10          0          0          0          0          0   rtexit2.o
       128          0          0          0          0         68   strcmpv7m.o
        62          0          0          0          0         76   strlen.o
        12          4          0          0          0         68   sys_exit.o
        74          0          0          0          0         80   sys_stackheap_outer.o
         2          0          0          0          0         68   use_no_semi.o
        36          4          0          0          0         76   vsprintf.o
         4          0          0          0          0         68   printf1.o
         4          0          0          0          0         68   printf2.o
         0          0          0          0          0          0   usenofp.o
        40          0          0          0          0         68   fpclassify.o

    ----------------------------------------------------------------------
      6900        264        552          0         96       4184   Library Totals
        16          0          1          0          0          0   (incl. Padding)

    ----------------------------------------------------------------------

      Code (inc. data)   RO Data    RW Data    ZI Data      Debug   Library Name

      6836        264        551          0         96       3980   c_w.l
         8          0          0          0          0        136   fz_ws.l
        40          0          0          0          0         68   m_ws.l

    ----------------------------------------------------------------------
      6900        264        552          0         96       4184   Library Totals

    ----------------------------------------------------------------------

==============================================================================


      Code (inc. data)   RO Data    RW Data    ZI Data      Debug   

     15672        344        864         16       2344     102650   Grand Totals
     15672        344        864         16       2344     102650   ELF Image Totals
     15672        344        864         16          0          0   ROM Totals

==============================================================================

    Total RO  Size (Code + RO Data)                16536 (  16.15kB)
    Total RW  Size (RW Data + ZI Data)              2360 (   2.30kB)
    Total ROM Size (Code + RO Data + RW Data)      16552 (  16.16kB)

==============================================================================

